10-28 14:10:45.905 11374 18365 D Retrofit: ---> HTTP PUT https://api.masterlockvault.com/v5/guestpermissions/223f4c03-c810-4445-87a1-cf3a27558c1f/update?apikey=52F5590EAD633411F798C2B296E5DF8738FF824E654D046342F270CC5131F3D348A2986E7C1FE74414E4A36ADC7DC4014A3558673DF7581047A59F3CD21A28BBB544EFDE45D06609BDB65B73C336BE08DD7ACC1EF893BD698DF5922B7B21B51CCE063763F671495E4F8B066C9E62B7C6783BDD5F2D19C81152463600BBBA126023F59DD3FBD1D9D1B57F66DE2AEE7A69D4767CF5F4666880BA3E7BE6ED97458070AF1FAE04BE188767372DCDB792D03189FA9FFD50DF4F3A15C565DF8409927593230C05&username=vinK283
10-28 14:10:45.906 11374 18365 D Retrofit: ---> END HTTP (303-byte body)
10-28 14:10:48.178 18053 18093 I System.out: (HTTPLog)-Static: isSBSettingEnabled false
10-28 14:10:48.178 18053 18093 I System.out: (HTTPLog)-Static: isSBSettingEnabled false
10-28 14:10:50.550 11374 18365 D Retrofit: <--- HTTP 200 https://api.masterlockvault.com/v5/guestpermissions/223f4c03-c810-4445-87a1-cf3a27558c1f/update?apikey=52F5590EAD633411F798C2B296E5DF8738FF824E654D046342F270CC5131F3D348A2986E7C1FE74414E4A36ADC7DC4014A3558673DF7581047A59F3CD21A28BBB544EFDE45D06609BDB65B73C336BE08DD7ACC1EF893BD698DF5922B7B21B51CCE063763F671495E4F8B066C9E62B7C6783BDD5F2D19C81152463600BBBA126023F59DD3FBD1D9D1B57F66DE2AEE7A69D4767CF5F4666880BA3E7BE6ED97458070AF1FAE04BE188767372DCDB792D03189FA9FFD50DF4F3A15C565DF8409927593230C05&username=vinK283 (4643ms)
10-28 14:10:50.550 11374 18365 D Retrofit: OkHttp-Selected-Protocol: http/1.1
10-28 14:10:50.550 11374 18365 D Retrofit: OkHttp-Sent-Millis: 1572243045909
10-28 14:10:50.550 11374 18365 D Retrofit: OkHttp-Received-Millis: 1572243050548
10-28 14:10:50.553 11374 18365 D Retrofit: <--- END HTTP (19-byte body)
10-28 14:10:50.658 11374 18356 D Retrofit: ---> HTTP GET https://api.masterlockvault.com/v4/product/elocks?complex=false&apikey=52F5590EAD633411F798C2B296E5DF8738FF824E654D046342F270CC5131F3D348A2986E7C1FE74414E4A36ADC7DC4014A3558673DF7581047A59F3CD21A28BBB544EFDE45D06609BDB65B73C336BE08DD7ACC1EF893BD698DF5922B7B21B51CCE063763F671495E4F8B066C9E62B7C6783BDD5F2D19C81152463600BBBA126023F59DD3FBD1D9D1B57F66DE2AEE7A69D4767CF5F4666880BA3E7BE6ED97458070AF1FAE04BE188767372DCDB792D03189FA9FFD50DF4F3A15C565DF8409927593230C05&username=vinK283
10-28 14:10:50.660 11374 18356 D Retrofit: ---> END HTTP (no body)
10-28 14:10:51.096 11374 18356 D Retrofit: <--- HTTP 200 https://api.masterlockvault.com/v4/product/elocks?complex=false&apikey=52F5590EAD633411F798C2B296E5DF8738FF824E654D046342F270CC5131F3D348A2986E7C1FE74414E4A36ADC7DC4014A3558673DF7581047A59F3CD21A28BBB544EFDE45D06609BDB65B73C336BE08DD7ACC1EF893BD698DF5922B7B21B51CCE063763F671495E4F8B066C9E62B7C6783BDD5F2D19C81152463600BBBA126023F59DD3FBD1D9D1B57F66DE2AEE7A69D4767CF5F4666880BA3E7BE6ED97458070AF1FAE04BE188767372DCDB792D03189FA9FFD50DF4F3A15C565DF8409927593230C05&username=vinK283 (435ms)
10-28 14:10:51.096 11374 18356 D Retrofit: OkHttp-Selected-Protocol: http/1.1
10-28 14:10:51.096 11374 18356 D Retrofit: OkHttp-Sent-Millis: 1572243050662
10-28 14:10:51.096 11374 18356 D Retrofit: OkHttp-Received-Millis: 1572243051095
10-28 14:10:51.097 11374 18356 D Retrofit: [{"Id":"5b439e4e-b0fd-4f42-b8dd-4016b43e0706","Name":"Bluetooth Smart 4400 Padlock","Labels":"","CustomModelNumber":null,"ViewCount":39,"IsFavorite":false,"UserType":1,"ScheduleType":1,"Model":{"Id":"ffdda3ad-80c1-470f-9ed8-34eba4b53c04","InterfaceId":2,"ModelNumber":"4400D","SKU":"P49017","Name":"Bluetooth Smart 4400 Padlock","Description":"","Image":{"Id":"caabb05d-a92c-453d-81ae-c26dc8669d28","Filename":"4400d.png","DisplayName":"Bluetooth Smart 4400 Padlock","ContentType":"image/png","Size":129506,"SizeForDisplay":"126.5 KB","Url":"https://api.masterlockvault.com/v4/product/model/image/caabb05d-a92c-453d-81ae-c26dc8669d28/4400d.png"}},"KMSDeviceId":"54d10fe7-341a-4723-b18d-5c4d91dcc73f"}]
10-28 14:10:51.097 11374 18356 D Retrofit: <--- END HTTP (701-byte body)
10-28 14:10:51.098 11374 18356 D Retrofit: ---> HTTP GET https://api.masterlockvault.com/v4/product/elocks/5b439e4e-b0fd-4f42-b8dd-4016b43e0706?apikey=52F5590EAD633411F798C2B296E5DF8738FF824E654D046342F270CC5131F3D348A2986E7C1FE74414E4A36ADC7DC4014A3558673DF7581047A59F3CD21A28BBB544EFDE45D06609BDB65B73C336BE08DD7ACC1EF893BD698DF5922B7B21B51CCE063763F671495E4F8B066C9E62B7C6783BDD5F2D19C81152463600BBBA126023F59DD3FBD1D9D1B57F66DE2AEE7A69D4767CF5F4666880BA3E7BE6ED97458070AF1FAE04BE188767372DCDB792D03189FA9FFD50DF4F3A15C565DF8409927593230C05&username=vinK283
10-28 14:10:51.098 11374 18356 D Retrofit: ---> END HTTP (no body)
10-28 14:10:52.232 11374 18356 D Retrofit: <--- HTTP 200 https://api.masterlockvault.com/v4/product/elocks/5b439e4e-b0fd-4f42-b8dd-4016b43e0706?apikey=52F5590EAD633411F798C2B296E5DF8738FF824E654D046342F270CC5131F3D348A2986E7C1FE74414E4A36ADC7DC4014A3558673DF7581047A59F3CD21A28BBB544EFDE45D06609BDB65B73C336BE08DD7ACC1EF893BD698DF5922B7B21B51CCE063763F671495E4F8B066C9E62B7C6783BDD5F2D19C81152463600BBBA126023F59DD3FBD1D9D1B57F66DE2AEE7A69D4767CF5F4666880BA3E7BE6ED97458070AF1FAE04BE188767372DCDB792D03189FA9FFD50DF4F3A15C565DF8409927593230C05&username=vinK283 (1132ms)
10-28 14:10:52.233 11374 18356 D Retrofit: OkHttp-Selected-Protocol: http/1.1
10-28 14:10:52.234 11374 18356 D Retrofit: OkHttp-Sent-Millis: 1572243051099
10-28 14:10:52.234 11374 18356 D Retrofit: OkHttp-Received-Millis: 1572243052229
10-28 14:10:52.241 11374 18356 D Retrofit: {"Id":"5b439e4e-b0fd-4f42-b8dd-4016b43e0706","Name":"Bluetooth Smart 4400 Padlock","Value":"","Labels":"","CustomModelNumber":null,"IsFavorite":false,"UserType":1,"ScheduleType":1,"ViewCount":40,"CreatedOn":"2019-09-05T06:58:04+00:00","ModifiedOn":"2019-09-05T06:58:04+00:00","Model":{"Id":"ffdda3ad-80c1-470f-9ed8-34eba4b53c04","InterfaceId":2,"ModelNumber":"4400D","SKU":"P49017","Name":"Bluetooth Smart 4400 Padlock","Description":"","DisplayPrimaryCode":true,"DisplayCustomModelNumber":false,"IsCustomModelNumberEditable":false,"MasterCodeLabel":"Master Code","PrimaryCodeLabel":"Primary Code","CustomModelNumberLabel":"","CustomModelNumberPlaceholder":"","NumberOfAdditionalCodes":0,"AdditionalCodeNameLabel":"","AdditionalCodeNamePlaceholder":"","AdditionalCodeValueLabel":"","AdditionalCodeValuePlaceholder":"","VideoUrl":"http://www.masterlock.com/masterlockvaultelocks/videos","Images":[{"Id":"caabb05d-a92c-453d-81ae-c26dc8669d28","Filename":"4400d.png","DisplayName":"Bluetooth Smart 4400 Padlock","ContentType":"image/png","Size":129506,"SizeForDisplay":"126.5 KB","Url":"https://api.masterlockvault.com/v4/product/model/image/caabb05d-a92c-453d-81ae-c26dc8669d28/4400d.png"}],"Logos":[],"Manuals":[]},"Archive":null,"KMSDevice":{"Id":"54d10fe7-341a-4723-b18d-5c4d91dcc73f","FirmwareVersion":1525211990,"DeviceId":"A270BG","PrimaryCode":"UUUUUUU","SecondaryCode1":null,"SecondaryCode2":null,"SecondaryCode3":null,"SecondaryCode4":null,"SecondaryCode5":null,"BatteryLevel":100,"Tempature":null,"FirmwareCounter":1,"PrimaryCodeCounter":4294967298,"SecondaryCodeCounter":null,"ConfigurationCounter":4294967297,"MeasurementCounter":4294967297,"LockMode":5,"RelockInterval":5,"LockState":0,"TimeZone":"Asia/Singapore","Location":{"Latitude":"1.2952368","Longitude":"103.7733909","Notes":null},"ServiceCode":null,"ServiceCodeExpiresOn":"0001-01-01T00:00:00+00:00","ServiceCodeExpiresOnTimeZoneAdjusted":"1 Jan 12:00 a.m.","ServiceCodeRollsOn":"0001-01-01T00:00:00+00:00","ServiceCodeRollsOnTimeZoneAdjusted":"1 Jan 12:00 a.m.","LastLogReferenceId":30064771074,"Logs":[{"Id":"45367bbe-7fa0-4ec7-bfe0-155e5832707c","KMSDeviceId":"54d10fe7-341a-4723-b18d-5c4d91dcc73f","KMSDeviceKeyAlias":0,"ReferenceID":-9999,"FirmwareCounter":-1,"EventCode":"GUEST_ACCESS_UPDATED","EventSource":"Unknown","EventValue":"Max Fruehauf","Alias":"Vincent MORICE","Message":"Access updated for Max Fruehauf","CreatedOn":"2019-10-28T06:10:41.9436952+00:00","CreatedOnTimeZoneAdjusted":""},{"Id":"abeef903-03c5-40d1-81f7-92a6c2274971","KMSDeviceId":"54d10fe7-341a-4723-b18d-5c4d91dcc73f","KMSDeviceKeyAlias":0,"ReferenceID":-9999,"FirmwareCounter":-1,"EventCode":"GUEST_UPDATE_SCHEDULE","EventSource":"App","EventValue":"Max Fruehauf|7am - 7pm|24/7","Alias":"Vincent MORICE","Message":"Guest schedule changed for Max Fruehauf from 7am - 7pm to 24/7","CreatedOn":"2019-10-28T06:10:41.8811868+00:00","CreatedOnTimeZoneAdjusted":""},{"Id":"9f9b9c66-73ef-4757-8026-9f62aa5693c9","KMSDeviceId":"54d10fe7-341a-4723-b18d-5c4d91dcc73f","KMSDeviceKeyAlias":0,"ReferenceID":-9999,"FirmwareCounter":-1,"EventCode":"GUEST_ACCESS_UPDATED","EventSource":"Unknown","EventValue":"Max Fruehauf","Alias":"Vincent MORICE","Message":"Access updated for Max Fruehauf","CreatedOn":"2019-10-28T06:09:31.19592+00:00","CreatedOnTimeZoneAdjusted":""},{"Id":"a9ab9da0-cea4-4d7e-af2a-f73430d44f81","KMSDeviceId":"54d10fe7-341a-4723-b18d-5c4d91dcc73f","KMSDeviceKeyAlias":0,"ReferenceID":-9999,"FirmwareCounter":-1,"EventCode":"GUEST_UPDATE_SCHEDULE","EventSource":"App","EventValue":"Max Fruehauf|24/7|7am - 7pm","Alias":"Vincent MORICE","Message":"Guest schedule changed for Max Fruehauf from 24/7 to 7am - 7pm","CreatedOn":"2019-10-28T06:09:31.1333166+00:00","CreatedOnTimeZoneAdjusted":""},{"Id":"af466e9d-6b59-4f49-8030-62e7135f0ed0","KMSDeviceId":"54d10fe7-341a-4723-b18d-5c4d91dcc73f","KMSDeviceKeyAlias":1,"ReferenceID":4294967296,"FirmwareCounter":-1,"EventCode":"UPDATE_LAST_KNOWN_LOCATION","EventSource":"Device","EventValue":null,"Alias
10-28 14:10:52.242 11374 18356 D Retrofit: piresOn":"2019-11-04T05:48:40.643+00:00","OwnerName":"Vincent MORICE","InvitationURL":"https://www.masterlockvault.com/invitation/product/bab52eb2-f9bc-4f08-a8a6-6b5c9d6f2669"},{"Id":"0a529a09-5cff-4974-8889-fda9915d3652","Status":1,"ProductId":"5b439e4e-b0fd-4f42-b8dd-4016b43e0706","DeviceId":"","Guest":{"Id":"33941dde-0b9c-47b9-8358-e2e94ea293c0","FirstName":"Max","LastName":"Fruehauf","Organization":null,"Email":"maximilian.fruehauf97@gmail.com","MobileNumber":"+6591424976","PhoneCountryCode":"65","AlphaCountryCode":"SG"},"GuestPermissions":{"Id":"223f4c03-c810-4445-87a1-cf3a27558c1f","AccessTimeStart":null,"AccessTimeEnd":null,"Monday":true,"Tuesday":true,"Wednesday":true,"Thursday":true,"Friday":true,"Saturday":true,"Sunday":true,"ViewTemporaryCode":true,"ViewLocation":true,"OpenShackle":false,"ScheduleType":1,"ViewMode":2},"Message":null,"UserType":3,"ScheduleType":1,"AcceptedOn":"2019-09-18T06:47:10.5234692+00:00","CreatedOn":"2019-09-18T06:46:54.64+00:00","ModifiedOn":"2019-10-28T06:10:42.87+00:00","IsExpired":true,"ExpiresOn":"2019-09-25T06:46:54.64+00:00","OwnerName":"","InvitationURL":""}],"Permissions":null,"ProductCodes":[]}
10-28 14:10:52.243 11374 18356 D Retrofit: <--- END HTTP (9155-byte body)
10-28 14:10:52.255 11374 18356 D Retrofit: ---> HTTP GET https://api.masterlockvault.com/v4/kmsdevicekey?apikey=52F5590EAD633411F798C2B296E5DF8738FF824E654D046342F270CC5131F3D348A2986E7C1FE74414E4A36ADC7DC4014A3558673DF7581047A59F3CD21A28BBB544EFDE45D06609BDB65B73C336BE08DD7ACC1EF893BD698DF5922B7B21B51CCE063763F671495E4F8B066C9E62B7C6783BDD5F2D19C81152463600BBBA126023F59DD3FBD1D9D1B57F66DE2AEE7A69D4767CF5F4666880BA3E7BE6ED97458070AF1FAE04BE188767372DCDB792D03189FA9FFD50DF4F3A15C565DF8409927593230C05&username=vinK283
10-28 14:10:52.255 11374 18356 D Retrofit: ---> END HTTP (no body)
10-28 14:10:52.646 11374 18356 D Retrofit: <--- HTTP 200 https://api.masterlockvault.com/v4/kmsdevicekey?apikey=52F5590EAD633411F798C2B296E5DF8738FF824E654D046342F270CC5131F3D348A2986E7C1FE74414E4A36ADC7DC4014A3558673DF7581047A59F3CD21A28BBB544EFDE45D06609BDB65B73C336BE08DD7ACC1EF893BD698DF5922B7B21B51CCE063763F671495E4F8B066C9E62B7C6783BDD5F2D19C81152463600BBBA126023F59DD3FBD1D9D1B57F66DE2AEE7A69D4767CF5F4666880BA3E7BE6ED97458070AF1FAE04BE188767372DCDB792D03189FA9FFD50DF4F3A15C565DF8409927593230C05&username=vinK283 (389ms)
10-28 14:10:52.648 11374 18356 D Retrofit: OkHttp-Selected-Protocol: http/1.1
10-28 14:10:52.648 11374 18356 D Retrofit: OkHttp-Sent-Millis: 1572243052257
10-28 14:10:52.648 11374 18356 D Retrofit: OkHttp-Received-Millis: 1572243052643
10-28 14:10:52.652 11374 18356 D Retrofit: <--- END HTTP (681-byte body)
10-28 14:11:15.848 18053 18093 I System.out: (HTTPLog)-Static: isSBSettingEnabled false
10-28 14:11:15.851 18053 18093 I System.out: (HTTPLog)-Static: isSBSettingEnabled false
10-28 14:11:29.579 11374 11417 I System.out: (HTTPLog)-Static: isSBSettingEnabled false
10-28 14:11:29.579 11374 11417 I System.out: (HTTPLog)-Static: isSBSettingEnabled false
10-28 14:11:37.052 18053 18596 I FirebasePerformance: Did not receive a HTTP Response Code
10-28 14:11:37.054 18053 18596 I FirebasePerformance: Did not receive a HTTP Response Code
10-28 14:11:37.054 18053 18090 I System.out: (HTTPLog)-Static: isSBSettingEnabled false
10-28 14:11:37.054 18053 18090 I System.out: (HTTPLog)-Static: isSBSettingEnabled false
10-28 14:11:37.694 18053 18596 I FirebasePerformance: HTTP Method is null or invalid: <com.google.android.gms.internal.firebase-perf.zzci$zzb@d0666c8 number=0 name=HTTP_METHOD_UNKNOWN>
10-28 14:13:27.678 11374 11417 I System.out: (HTTPLog)-Static: isSBSettingEnabled false
10-28 14:13:27.679 11374 11417 I System.out: (HTTPLog)-Static: isSBSettingEnabled false
10-28 14:14:29.516  3835  4322 E NotificationService: Suppressing notification by user request. key = 0|com.android.chrome|-1|p#https://maya-trageted-you.online/#065757|10153
10-28 14:14:36.704 11374 11417 I System.out: (HTTPLog)-Static: isSBSettingEnabled false
10-28 14:14:36.705 11374 11417 I System.out: (HTTPLog)-Static: isSBSettingEnabled false
10-28 14:15:28.898  8346 18885 I System.out: (HTTPLog)-Static: isSBSettingEnabled false
10-28 14:15:28.898  8346 18885 I System.out: (HTTPLog)-Static: isSBSettingEnabled false
10-28 14:15:47.211 11374 18940 D Retrofit: ---> HTTP GET https://api.masterlockvault.com/v4/guest?apikey=52F5590EAD633411F798C2B296E5DF8738FF824E654D046342F270CC5131F3D348A2986E7C1FE74414E4A36ADC7DC4014A3558673DF7581047A59F3CD21A28BBB544EFDE45D06609BDB65B73C336BE08DD7ACC1EF893BD698DF5922B7B21B51CCE063763F671495E4F8B066C9E62B7C6783BDD5F2D19C81152463600BBBA126023F59DD3FBD1D9D1B57F66DE2AEE7A69D4767CF5F4666880BA3E7BE6ED97458070AF1FAE04BE188767372DCDB792D03189FA9FFD50DF4F3A15C565DF8409927593230C05&username=vinK283
10-28 14:15:47.211 11374 18940 D Retrofit: ---> END HTTP (no body)
10-28 14:15:49.172 11374 18940 D Retrofit: <--- HTTP 200 https://api.masterlockvault.com/v4/guest?apikey=52F5590EAD633411F798C2B296E5DF8738FF824E654D046342F270CC5131F3D348A2986E7C1FE74414E4A36ADC7DC4014A3558673DF7581047A59F3CD21A28BBB544EFDE45D06609BDB65B73C336BE08DD7ACC1EF893BD698DF5922B7B21B51CCE063763F671495E4F8B066C9E62B7C6783BDD5F2D19C81152463600BBBA126023F59DD3FBD1D9D1B57F66DE2AEE7A69D4767CF5F4666880BA3E7BE6ED97458070AF1FAE04BE188767372DCDB792D03189FA9FFD50DF4F3A15C565DF8409927593230C05&username=vinK283 (1959ms)
10-28 14:15:49.173 11374 18940 D Retrofit: OkHttp-Selected-Protocol: http/1.1
10-28 14:15:49.173 11374 18940 D Retrofit: OkHttp-Sent-Millis: 1572243348859
10-28 14:15:49.173 11374 18940 D Retrofit: OkHttp-Received-Millis: 1572243349170
10-28 14:15:49.175 11374 18940 D Retrofit: <--- END HTTP (838-byte body)
10-28 14:16:12.972 11374 11417 I System.out: (HTTPLog)-Static: isSBSettingEnabled false
10-28 14:16:12.972 11374 11417 I System.out: (HTTPLog)-Static: isSBSettingEnabled false
10-28 14:16:17.281   599 17152 I FeedRequestManagerImpl: Making Request: /httpservice/noretry/DiscoverClankService/FeedQuery
10-28 14:16:17.450 31124 32166 I System.out: (HTTPLog)-Static: isSBSettingEnabled false
10-28 14:16:17.450 31124 32166 I System.out: (HTTPLog)-Static: isSBSettingEnabled false
10-28 14:16:21.487   599   599 I FeedRequestManagerImpl: Request: /httpservice/noretry/DiscoverClankService/FeedQuery completed with response code: 200
10-28 14:16:29.538 19159 19159 W com.facebook.a0: You haven't set a value for AdvertiserIDCollectionEnabled. Set the flag to TRUE if you want to collect Advertiser ID for better advertising and analytics results. To request user consent before collecting data, set the flag value to FALSE, then change to TRUE once user consent is received. Learn more: https://developers.facebook.com/docs/app-events/getting-started-app-events-android#disable-auto-events.
10-28 14:16:29.560 19159 19235 I System.out: (HTTPLog)-Static: isSBSettingEnabled false
10-28 14:16:29.560 19159 19235 I System.out: (HTTPLog)-Static: isSBSettingEnabled false
10-28 14:16:29.565 19159 19327 I System.out: (HTTPLog)-Static: isSBSettingEnabled false
10-28 14:16:29.565 19159 19327 I System.out: (HTTPLog)-Static: isSBSettingEnabled false
10-28 14:16:29.979 19159 19316 I System.out: (HTTPLog)-Static: isSBSettingEnabled false
10-28 14:16:29.979 19159 19316 I System.out: (HTTPLog)-Static: isSBSettingEnabled false
10-28 14:16:29.984 19159 19317 I System.out: (HTTPLog)-Static: isSBSettingEnabled false
10-28 14:16:29.984 19159 19317 I System.out: (HTTPLog)-Static: isSBSettingEnabled false
10-28 14:16:30.315 19159 19235 I System.out: (HTTPLog)-Static: isSBSettingEnabled false
10-28 14:16:30.316 19159 19235 I System.out: (HTTPLog)-Static: isSBSettingEnabled false
10-28 14:16:33.141 11374 11614 I System.out: (HTTPLog)-Static: isSBSettingEnabled false
10-28 14:16:33.141 11374 11614 I System.out: (HTTPLog)-Static: isSBSettingEnabled false
10-28 14:16:33.188 11374 11613 I System.out: (HTTPLog)-Static: isSBSettingEnabled false
10-28 14:16:33.189 11374 11613 I System.out: (HTTPLog)-Static: isSBSettingEnabled false
10-28 14:16:33.921 11374 11612 I System.out: (HTTPLog)-Static: isSBSettingEnabled false
10-28 14:16:33.921 11374 11612 I System.out: (HTTPLog)-Static: isSBSettingEnabled false
10-28 14:16:37.353 11374 19374 D Retrofit: ---> HTTP POST https://api.masterlockvault.com/v4/kmsdevice/54d10fe7-341a-4723-b18d-5c4d91dcc73f/log/batch?apikey=52F5590EAD633411F798C2B296E5DF8738FF824E654D046342F270CC5131F3D348A2986E7C1FE74414E4A36ADC7DC4014A3558673DF7581047A59F3CD21A28BBB544EFDE45D06609BDB65B73C336BE08DD7ACC1EF893BD698DF5922B7B21B51CCE063763F671495E4F8B066C9E62B7C6783BDD5F2D19C81152463600BBBA126023F59DD3FBD1D9D1B57F66DE2AEE7A69D4767CF5F4666880BA3E7BE6ED97458070AF1FAE04BE188767372DCDB792D03189FA9FFD50DF4F3A15C565DF8409927593230C05&username=vinK283&apiversion=4.1
10-28 14:16:37.354 11374 19374 D Retrofit: ---> END HTTP (273-byte body)
10-28 14:16:37.737 11374 19374 D Retrofit: <--- HTTP 200 https://api.masterlockvault.com/v4/kmsdevice/54d10fe7-341a-4723-b18d-5c4d91dcc73f/log/batch?apikey=52F5590EAD633411F798C2B296E5DF8738FF824E654D046342F270CC5131F3D348A2986E7C1FE74414E4A36ADC7DC4014A3558673DF7581047A59F3CD21A28BBB544EFDE45D06609BDB65B73C336BE08DD7ACC1EF893BD698DF5922B7B21B51CCE063763F671495E4F8B066C9E62B7C6783BDD5F2D19C81152463600BBBA126023F59DD3FBD1D9D1B57F66DE2AEE7A69D4767CF5F4666880BA3E7BE6ED97458070AF1FAE04BE188767372DCDB792D03189FA9FFD50DF4F3A15C565DF8409927593230C05&username=vinK283&apiversion=4.1 (383ms)
10-28 14:16:37.737 11374 19374 D Retrofit: OkHttp-Selected-Protocol: http/1.1
10-28 14:16:37.737 11374 19374 D Retrofit: OkHttp-Sent-Millis: 1572243397356
10-28 14:16:37.737 11374 19374 D Retrofit: OkHttp-Received-Millis: 1572243397736
10-28 14:16:37.737 11374 19374 D Retrofit: <--- END HTTP (140-byte body)
10-28 14:16:37.742 11374 19380 D Retrofit: ---> HTTP GET https://api.masterlockvault.com/v4/kmsdevice/54d10fe7-341a-4723-b18d-5c4d91dcc73f/log?apikey=52F5590EAD633411F798C2B296E5DF8738FF824E654D046342F270CC5131F3D348A2986E7C1FE74414E4A36ADC7DC4014A3558673DF7581047A59F3CD21A28BBB544EFDE45D06609BDB65B73C336BE08DD7ACC1EF893BD698DF5922B7B21B51CCE063763F671495E4F8B066C9E62B7C6783BDD5F2D19C81152463600BBBA126023F59DD3FBD1D9D1B57F66DE2AEE7A69D4767CF5F4666880BA3E7BE6ED97458070AF1FAE04BE188767372DCDB792D03189FA9FFD50DF4F3A15C565DF8409927593230C05&username=vinK283&fromDate=2019-07-30T06%3A16%3A37.741Z&maximumRows=30
10-28 14:16:37.742 11374 19380 D Retrofit: ---> END HTTP (no body)
10-28 14:16:38.052 11374 19380 D Retrofit: <--- HTTP 200 https://api.masterlockvault.com/v4/kmsdevice/54d10fe7-341a-4723-b18d-5c4d91dcc73f/log?apikey=52F5590EAD633411F798C2B296E5DF8738FF824E654D046342F270CC5131F3D348A2986E7C1FE74414E4A36ADC7DC4014A3558673DF7581047A59F3CD21A28BBB544EFDE45D06609BDB65B73C336BE08DD7ACC1EF893BD698DF5922B7B21B51CCE063763F671495E4F8B066C9E62B7C6783BDD5F2D19C81152463600BBBA126023F59DD3FBD1D9D1B57F66DE2AEE7A69D4767CF5F4666880BA3E7BE6ED97458070AF1FAE04BE188767372DCDB792D03189FA9FFD50DF4F3A15C565DF8409927593230C05&username=vinK283&fromDate=2019-07-30T06%3A16%3A37.741Z&maximumRows=30 (309ms)
10-28 14:16:38.052 11374 19380 D Retrofit: OkHttp-Selected-Protocol: http/1.1
10-28 14:16:38.052 11374 19380 D Retrofit: OkHttp-Sent-Millis: 1572243397742
10-28 14:16:38.052 11374 19380 D Retrofit: OkHttp-Received-Millis: 1572243398051
10-28 14:16:38.053 11374 19380 D Retrofit: <--- END HTTP (11502-byte body)
10-28 14:16:42.333 11374 11417 I System.out: (HTTPLog)-Static: isSBSettingEnabled false
10-28 14:16:42.333 11374 11417 I System.out: (HTTPLog)-Static: isSBSettingEnabled false
10-28 14:16:46.343 22908 19434 I System.out: (HTTPLog)-Static: isSBSettingEnabled false
10-28 14:16:46.343 22908 19434 I System.out: (HTTPLog)-Static: isSBSettingEnabled false
10-28 14:16:46.519 22908 19438 V Discord : --> GET https://discordapp.com/api/v6/channels/420337842158436352/messages?limit=50
10-28 14:16:46.519 22908 19438 V Discord : Breadcrumb[http]: HTTP[GET] - https://discordapp.com/api/v6/channels/420337842158436352/messages?limit=50
10-28 14:16:46.522 22908 19439 V Discord : --> POST https://discordapp.com/api/v6/track (137-byte body)
10-28 14:16:46.523 22908 19439 V Discord : Breadcrumb[http]: HTTP[POST] - https://discordapp.com/api/v6/track
10-28 14:16:46.791 22908 19439 V Discord : <-- 204 https://discordapp.com/api/v6/track (268ms, unknown-length body)
10-28 14:16:46.866 22908 19438 V Discord : <-- 200 https://discordapp.com/api/v6/channels/420337842158436352/messages?limit=50 (346ms, unknown-length body)
10-28 14:16:47.918 22908 19439 V Discord : --> GET https://discordapp.com/api/v6/users/@me/library
10-28 14:16:47.919 22908 19439 V Discord : Breadcrumb[http]: HTTP[GET] - https://discordapp.com/api/v6/users/@me/library
10-28 14:16:48.163 22908 19439 V Discord : <-- 200 https://discordapp.com/api/v6/users/@me/library (244ms, 2-byte body)
10-28 14:16:49.425 22908 19438 V Discord : --> POST https://discordapp.com/api/v6/track (349-byte body)
10-28 14:16:49.425 22908 19438 V Discord : Breadcrumb[http]: HTTP[POST] - https://discordapp.com/api/v6/track
10-28 14:16:49.672 22908 19438 V Discord : <-- 204 https://discordapp.com/api/v6/track (246ms, unknown-length body)
10-28 14:16:51.551 11374 18940 D Retrofit: ---> HTTP POST https://api.masterlockvault.com/v4/kmsdevice/54d10fe7-341a-4723-b18d-5c4d91dcc73f/log/batch?apikey=52F5590EAD633411F798C2B296E5DF8738FF824E654D046342F270CC5131F3D348A2986E7C1FE74414E4A36ADC7DC4014A3558673DF7581047A59F3CD21A28BBB544EFDE45D06609BDB65B73C336BE08DD7ACC1EF893BD698DF5922B7B21B51CCE063763F671495E4F8B066C9E62B7C6783BDD5F2D19C81152463600BBBA126023F59DD3FBD1D9D1B57F66DE2AEE7A69D4767CF5F4666880BA3E7BE6ED97458070AF1FAE04BE188767372DCDB792D03189FA9FFD50DF4F3A15C565DF8409927593230C05&username=vinK283&apiversion=4.1
10-28 14:16:51.552 11374 18940 D Retrofit: ---> END HTTP (273-byte body)
10-28 14:16:51.943 11374 18940 D Retrofit: <--- HTTP 200 https://api.masterlockvault.com/v4/kmsdevice/54d10fe7-341a-4723-b18d-5c4d91dcc73f/log/batch?apikey=52F5590EAD633411F798C2B296E5DF8738FF824E654D046342F270CC5131F3D348A2986E7C1FE74414E4A36ADC7DC4014A3558673DF7581047A59F3CD21A28BBB544EFDE45D06609BDB65B73C336BE08DD7ACC1EF893BD698DF5922B7B21B51CCE063763F671495E4F8B066C9E62B7C6783BDD5F2D19C81152463600BBBA126023F59DD3FBD1D9D1B57F66DE2AEE7A69D4767CF5F4666880BA3E7BE6ED97458070AF1FAE04BE188767372DCDB792D03189FA9FFD50DF4F3A15C565DF8409927593230C05&username=vinK283&apiversion=4.1 (391ms)
10-28 14:16:51.943 11374 18940 D Retrofit: OkHttp-Selected-Protocol: http/1.1
10-28 14:16:51.943 11374 18940 D Retrofit: OkHttp-Sent-Millis: 1572243411554
10-28 14:16:51.944 11374 18940 D Retrofit: OkHttp-Received-Millis: 1572243411943
10-28 14:16:51.944 11374 18940 D Retrofit: <--- END HTTP (140-byte body)
10-28 14:16:51.962 11374 19374 D Retrofit: ---> HTTP GET https://api.masterlockvault.com/v4/kmsdevice/54d10fe7-341a-4723-b18d-5c4d91dcc73f/log?apikey=52F5590EAD633411F798C2B296E5DF8738FF824E654D046342F270CC5131F3D348A2986E7C1FE74414E4A36ADC7DC4014A3558673DF7581047A59F3CD21A28BBB544EFDE45D06609BDB65B73C336BE08DD7ACC1EF893BD698DF5922B7B21B51CCE063763F671495E4F8B066C9E62B7C6783BDD5F2D19C81152463600BBBA126023F59DD3FBD1D9D1B57F66DE2AEE7A69D4767CF5F4666880BA3E7BE6ED97458070AF1FAE04BE188767372DCDB792D03189FA9FFD50DF4F3A15C565DF8409927593230C05&username=vinK283&fromDate=2019-07-30T06%3A16%3A51.961Z&maximumRows=30
10-28 14:16:51.962 11374 19374 D Retrofit: ---> END HTTP (no body)
10-28 14:16:52.262 11374 19374 D Retrofit: <--- HTTP 200 https://api.masterlockvault.com/v4/kmsdevice/54d10fe7-341a-4723-b18d-5c4d91dcc73f/log?apikey=52F5590EAD633411F798C2B296E5DF8738FF824E654D046342F270CC5131F3D348A2986E7C1FE74414E4A36ADC7DC4014A3558673DF7581047A59F3CD21A28BBB544EFDE45D06609BDB65B73C336BE08DD7ACC1EF893BD698DF5922B7B21B51CCE063763F671495E4F8B066C9E62B7C6783BDD5F2D19C81152463600BBBA126023F59DD3FBD1D9D1B57F66DE2AEE7A69D4767CF5F4666880BA3E7BE6ED97458070AF1FAE04BE188767372DCDB792D03189FA9FFD50DF4F3A15C565DF8409927593230C05&username=vinK283&fromDate=2019-07-30T06%3A16%3A51.961Z&maximumRows=30 (299ms)
10-28 14:16:52.262 11374 19374 D Retrofit: OkHttp-Selected-Protocol: http/1.1
10-28 14:16:52.262 11374 19374 D Retrofit: OkHttp-Sent-Millis: 1572243411963
10-28 14:16:52.262 11374 19374 D Retrofit: OkHttp-Received-Millis: 1572243412262
10-28 14:16:52.264 11374 19374 D Retrofit: <--- END HTTP (11508-byte body)
10-28 14:16:59.106 11374 11417 I System.out: (HTTPLog)-Static: isSBSettingEnabled false
10-28 14:16:59.106 11374 11417 I System.out: (HTTPLog)-Static: isSBSettingEnabled false
10-28 14:17:06.960 11374 19380 D Retrofit: ---> HTTP POST https://api.masterlockvault.com/v4/kmsdevice/54d10fe7-341a-4723-b18d-5c4d91dcc73f/log/batch?apikey=52F5590EAD633411F798C2B296E5DF8738FF824E654D046342F270CC5131F3D348A2986E7C1FE74414E4A36ADC7DC4014A3558673DF7581047A59F3CD21A28BBB544EFDE45D06609BDB65B73C336BE08DD7ACC1EF893BD698DF5922B7B21B51CCE063763F671495E4F8B066C9E62B7C6783BDD5F2D19C81152463600BBBA126023F59DD3FBD1D9D1B57F66DE2AEE7A69D4767CF5F4666880BA3E7BE6ED97458070AF1FAE04BE188767372DCDB792D03189FA9FFD50DF4F3A15C565DF8409927593230C05&username=vinK283&apiversion=4.1
10-28 14:17:06.967 11374 19380 D Retrofit: ---> END HTTP (273-byte body)
10-28 14:17:07.294 11374 19380 D Retrofit: <--- HTTP 200 https://api.masterlockvault.com/v4/kmsdevice/54d10fe7-341a-4723-b18d-5c4d91dcc73f/log/batch?apikey=52F5590EAD633411F798C2B296E5DF8738FF824E654D046342F270CC5131F3D348A2986E7C1FE74414E4A36ADC7DC4014A3558673DF7581047A59F3CD21A28BBB544EFDE45D06609BDB65B73C336BE08DD7ACC1EF893BD698DF5922B7B21B51CCE063763F671495E4F8B066C9E62B7C6783BDD5F2D19C81152463600BBBA126023F59DD3FBD1D9D1B57F66DE2AEE7A69D4767CF5F4666880BA3E7BE6ED97458070AF1FAE04BE188767372DCDB792D03189FA9FFD50DF4F3A15C565DF8409927593230C05&username=vinK283&apiversion=4.1 (327ms)
10-28 14:17:07.295 11374 19380 D Retrofit: OkHttp-Selected-Protocol: http/1.1
10-28 14:17:07.295 11374 19380 D Retrofit: OkHttp-Sent-Millis: 1572243426974
10-28 14:17:07.295 11374 19380 D Retrofit: OkHttp-Received-Millis: 1572243427294
10-28 14:17:07.295 11374 19380 D Retrofit: <--- END HTTP (140-byte body)
10-28 14:17:07.299 11374 18940 D Retrofit: ---> HTTP GET https://api.masterlockvault.com/v4/kmsdevice/54d10fe7-341a-4723-b18d-5c4d91dcc73f/log?apikey=52F5590EAD633411F798C2B296E5DF8738FF824E654D046342F270CC5131F3D348A2986E7C1FE74414E4A36ADC7DC4014A3558673DF7581047A59F3CD21A28BBB544EFDE45D06609BDB65B73C336BE08DD7ACC1EF893BD698DF5922B7B21B51CCE063763F671495E4F8B066C9E62B7C6783BDD5F2D19C81152463600BBBA126023F59DD3FBD1D9D1B57F66DE2AEE7A69D4767CF5F4666880BA3E7BE6ED97458070AF1FAE04BE188767372DCDB792D03189FA9FFD50DF4F3A15C565DF8409927593230C05&username=vinK283&fromDate=2019-07-30T06%3A17%3A07.299Z&maximumRows=30
10-28 14:17:07.299 11374 18940 D Retrofit: ---> END HTTP (no body)
10-28 14:17:07.613 11374 18940 D Retrofit: <--- HTTP 200 https://api.masterlockvault.com/v4/kmsdevice/54d10fe7-341a-4723-b18d-5c4d91dcc73f/log?apikey=52F5590EAD633411F798C2B296E5DF8738FF824E654D046342F270CC5131F3D348A2986E7C1FE74414E4A36ADC7DC4014A3558673DF7581047A59F3CD21A28BBB544EFDE45D06609BDB65B73C336BE08DD7ACC1EF893BD698DF5922B7B21B51CCE063763F671495E4F8B066C9E62B7C6783BDD5F2D19C81152463600BBBA126023F59DD3FBD1D9D1B57F66DE2AEE7A69D4767CF5F4666880BA3E7BE6ED97458070AF1FAE04BE188767372DCDB792D03189FA9FFD50DF4F3A15C565DF8409927593230C05&username=vinK283&fromDate=2019-07-30T06%3A17%3A07.299Z&maximumRows=30 (313ms)
10-28 14:17:07.613 11374 18940 D Retrofit: OkHttp-Selected-Protocol: http/1.1
10-28 14:17:07.613 11374 18940 D Retrofit: OkHttp-Sent-Millis: 1572243427300
10-28 14:17:07.613 11374 18940 D Retrofit: OkHttp-Received-Millis: 1572243427612
10-28 14:17:07.614 11374 18940 D Retrofit: <--- END HTTP (11515-byte body)
10-28 14:17:11.917 11374 11417 I System.out: (HTTPLog)-Static: isSBSettingEnabled false
10-28 14:17:11.917 11374 11417 I System.out: (HTTPLog)-Static: isSBSettingEnabled false
10-28 14:17:17.139  6106  9833 I System.out: (HTTPLog)-Static: isSBSettingEnabled false
10-28 14:17:17.139  6106  9833 I System.out: (HTTPLog)-Static: isSBSettingEnabled false
10-28 14:17:19.269  6106  9833 I System.out: (HTTPLog)-Static: isSBSettingEnabled false
10-28 14:17:19.269  6106  9833 I System.out: (HTTPLog)-Static: isSBSettingEnabled false
10-28 14:17:22.055 11374 11417 I System.out: (HTTPLog)-Static: isSBSettingEnabled false
10-28 14:17:22.056 11374 11417 I System.out: (HTTPLog)-Static: isSBSettingEnabled false
10-28 14:17:28.458  3835  6029 I PackageManager:   Scheme: "https"
10-28 14:17:28.828 11374 18940 D Retrofit: ---> HTTP GET https://api.masterlockvault.com/v5/product/invitation/bab52eb2-f9bc-4f08-a8a6-6b5c9d6f2669/validate?apikey=androidble
10-28 14:17:28.829 11374 18940 D Retrofit: ---> END HTTP (no body)
10-28 14:17:29.127 11374 18940 D Retrofit: <--- HTTP 200 https://api.masterlockvault.com/v5/product/invitation/bab52eb2-f9bc-4f08-a8a6-6b5c9d6f2669/validate?apikey=androidble (297ms)
10-28 14:17:29.128 11374 18940 D Retrofit: OkHttp-Selected-Protocol: http/1.1
10-28 14:17:29.128 11374 18940 D Retrofit: OkHttp-Sent-Millis: 1572243448831
10-28 14:17:29.128 11374 18940 D Retrofit: OkHttp-Received-Millis: 1572243449126
10-28 14:17:29.129 11374 18940 D Retrofit: <--- END HTTP (38-byte body)
10-28 14:17:29.137 11374 18940 D Retrofit: ---> HTTP POST https://api.masterlockvault.com/v5/productinvitation/bab52eb2-f9bc-4f08-a8a6-6b5c9d6f2669/accept?apikey=52F5590EAD633411F798C2B296E5DF8738FF824E654D046342F270CC5131F3D348A2986E7C1FE74414E4A36ADC7DC4014A3558673DF7581047A59F3CD21A28BBB544EFDE45D06609BDB65B73C336BE08DD7ACC1EF893BD698DF5922B7B21B51CCE063763F671495E4F8B066C9E62B7C6783BDD5F2D19C81152463600BBBA126023F59DD3FBD1D9D1B57F66DE2AEE7A69D4767CF5F4666880BA3E7BE6ED97458070AF1FAE04BE188767372DCDB792D03189FA9FFD50DF4F3A15C565DF8409927593230C05&username=vinK283
10-28 14:17:29.138 11374 18940 D Retrofit: ---> END HTTP (no body)
10-28 14:17:29.545 11374 18940 D Retrofit: <--- HTTP 400 https://api.masterlockvault.com/v5/productinvitation/bab52eb2-f9bc-4f08-a8a6-6b5c9d6f2669/accept?apikey=52F5590EAD633411F798C2B296E5DF8738FF824E654D046342F270CC5131F3D348A2986E7C1FE74414E4A36ADC7DC4014A3558673DF7581047A59F3CD21A28BBB544EFDE45D06609BDB65B73C336BE08DD7ACC1EF893BD698DF5922B7B21B51CCE063763F671495E4F8B066C9E62B7C6783BDD5F2D19C81152463600BBBA126023F59DD3FBD1D9D1B57F66DE2AEE7A69D4767CF5F4666880BA3E7BE6ED97458070AF1FAE04BE188767372DCDB792D03189FA9FFD50DF4F3A15C565DF8409927593230C05&username=vinK283 (407ms)

