2019-11-04 15:45:53.878 12424-12621/com.masterlock.ble.app D/Retrofit: :00","ModifiedOn":"2019-11-04T04:44:26.913+00:00","CreatedOnTimeZoneAdjusted":"5 Sep 2:58 p.m.","ModifiedOnTimeZoneAdjusted":"4 Nov 12:44 p.m.","IsInFirmwareUpdateMode":false,"IIP":{"DeviceId":"A270BG","FirmwareVersion":1525211990,"AvailableCommands":[{"ID":0},{"ID":1},{"ID":2},{"ID":3},{"ID":4},{"ID":5},{"ID":6},{"ID":7},{"ID":8},{"ID":9},{"ID":10},{"ID":11},{"ID":12},{"ID":13}],"Settings":[{"ID":1,"Address":17408,"Size":4},{"ID":2,"Address":17412,"Size":4},{"ID":3,"Address":17416,"Size":6},{"ID":4,"Address":17538,"Size":4},{"ID":5,"Address":17542,"Size":4},{"ID":6,"Address":17546,"Size":4},{"ID":7,"Address":17554,"Size":4},{"ID":8,"Address":17564,"Size":4},{"ID":9,"Address":17568,"Size":4},{"ID":10,"Address":17572,"Size":14},{"ID":11,"Address":17586,"Size":1},{"ID":12,"Address":17587,"Size":1},{"ID":13,"Address":17588,"Size":1},{"ID":14,"Address":17589,"Size":1},{"ID":15,"Address":17596,"Size":4},{"ID":16,"Address":65280,"Size":4},{"ID":17,"Address":65284,"Size":18}]},"ComplementaryCodes":[]},"Invitations":[{"Id":"f39b4891-a236-4abe-87ed-ebff31b3c665","Status":1,"ProductId":"5b439e4e-b0fd-4f42-b8dd-4016b43e0706","DeviceId":"","Guest":{"Id":"9fc3ea25-2f83-4d73-9880-239b0c152a0b","FirstName":"Travis","LastName":null,"Organization":null,"Email":null,"MobileNumber":"+6591115090","PhoneCountryCode":"65","AlphaCountryCode":"SG"},"GuestPermissions":{"Id":"d56bc3f9-a38e-49cb-912a-ba058997efc2","AccessTimeStart":null,"AccessTimeEnd":null,"Monday":true,"Tuesday":true,"Wednesday":true,"Thursday":true,"Friday":true,"Saturday":true,"Sunday":true,"ViewTemporaryCode":true,"ViewLocation":true,"OpenShackle":false,"ScheduleType":1,"ViewMode":1},"Message":null,"UserType":3,"ScheduleType":1,"AcceptedOn":"2019-10-08T09:45:22.48278+00:00","CreatedOn":"2019-10-08T09:01:00.333+00:00","ModifiedOn":"2019-10-08T09:45:26.793+00:00","IsExpired":true,"ExpiresOn":"2019-10-15T09:01:00.333+00:00","OwnerName":"","InvitationURL":""},{"Id":"d9377ec6-f92b-40e3-a134-9ad1f8cae639","Status":1,"ProductId":"5b439e4e-b0fd-4f42-b8dd-4016b43e0706","DeviceId":"","Guest":{"Id":"b413891d-58d2-4242-8989-2ceb43485639","FirstName":"Deric","LastName":"Khoo","Organization":null,"Email":"deric.kjw@gmail.com","MobileNumber":"+6594571161","PhoneCountryCode":"65","AlphaCountryCode":"SG"},"GuestPermissions":{"Id":"ae34cecd-efc7-4f5a-a5b4-f7bc63b001af","AccessTimeStart":null,"AccessTimeEnd":null,"Monday":true,"Tuesday":true,"Wednesday":true,"Thursday":true,"Friday":true,"Saturday":true,"Sunday":true,"ViewTemporaryCode":true,"ViewLocation":true,"OpenShackle":false,"ScheduleType":1,"ViewMode":1},"Message":null,"UserType":3,"ScheduleType":1,"AcceptedOn":"2019-09-18T06:43:56.7012917+00:00","CreatedOn":"2019-09-18T06:43:30.343+00:00","ModifiedOn":"2019-09-18T06:44:03.047+00:00","IsExpired":true,"ExpiresOn":"2019-09-25T06:43:30.343+00:00","OwnerName":"","InvitationURL":""},{"Id":"0a529a09-5cff-4974-8889-fda9915d3652","Status":1,"ProductId":"5b439e4e-b0fd-4f42-b8dd-4016b43e0706","DeviceId":"","Guest":{"Id":"33941dde-0b9c-47b9-8358-e2e94ea293c0","FirstName":"Max","LastName":"Fruehauf","Organization":null,"Email":"maximilian.fruehauf97@gmail.com","MobileNumber":"+6591424976","PhoneCountryCode":"65","AlphaCountryCode":"SG"},"GuestPermissions":{"Id":"223f4c03-c810-4445-87a1-cf3a27558c1f","AccessTimeStart":null,"AccessTimeEnd":null,"Monday":true,"Tuesday":true,"Wednesday":true,"Thursday":true,"Friday":true,"Saturday":true,"Sunday":true,"ViewTemporaryCode":true,"ViewLocation":true,"OpenShackle":false,"ScheduleType":1,"ViewMode":2},"Message":null,"UserType":3,"ScheduleType":1,"AcceptedOn":"2019-09-18T06:47:10.5234692+00:00","CreatedOn":"2019-09-18T06:46:54.64+00:00","ModifiedOn":"2019-10-28T06:10:42.87+00:00","IsExpired":true,"ExpiresOn":"2019-09-25T06:46:54.64+00:00","OwnerName":"","InvitationURL":""}],"Permissions":null,"ProductCodes":[]}
2019-11-04 15:45:53.878 12424-12621/com.masterlock.ble.app D/Retrofit: <--- END HTTP (7841-byte body)
2019-11-04 15:45:53.881 12424-12621/com.masterlock.ble.app D/Retrofit: ---> HTTP GET https://api.masterlockvault.com/v4/kmsdevicekey?apikey=306CC699293DD5C91A88ABA6F9953FDEA3F531E6AD5441613ADD68FCB0C50802E365EE9881DCE090BA95331A2C9DD4CCCF619174AF2B04B8C380B8A13D8C6C519CCF7243E131A8C404A193850E9933EAC3C29581D1953FAD5FF63159F0C40604529BD014EA6DBDD169C921B5313043379E09471169D761E321A47483556319987994909235E5FA7E269FAD63EFB04D3AAF6F78D251F425B217AFE1ABE453CD7375F2D983763E135823F85FDDAC3EFE50346BBD8157F4061D904A966FE3F9E8671DE2DC76&username=vinK283
2019-11-04 15:45:53.881 12424-12621/com.masterlock.ble.app D/Retrofit: Accept-Language: en
2019-11-04 15:45:53.881 12424-12621/com.masterlock.ble.app D/Retrofit: User-Agent: com.masterlock.android
2019-11-04 15:45:53.881 12424-12621/com.masterlock.ble.app D/Retrofit: AppVersion: 2.5.0.2
2019-11-04 15:45:53.881 12424-12621/com.masterlock.ble.app D/Retrofit: ---> END HTTP (no body)
2019-11-04 15:45:54.212 12424-12621/com.masterlock.ble.app D/Retrofit: <--- HTTP 200 https://api.masterlockvault.com/v4/kmsdevicekey?apikey=306CC699293DD5C91A88ABA6F9953FDEA3F531E6AD5441613ADD68FCB0C50802E365EE9881DCE090BA95331A2C9DD4CCCF619174AF2B04B8C380B8A13D8C6C519CCF7243E131A8C404A193850E9933EAC3C29581D1953FAD5FF63159F0C40604529BD014EA6DBDD169C921B5313043379E09471169D761E321A47483556319987994909235E5FA7E269FAD63EFB04D3AAF6F78D251F425B217AFE1ABE453CD7375F2D983763E135823F85FDDAC3EFE50346BBD8157F4061D904A966FE3F9E8671DE2DC76&username=vinK283 (330ms)
2019-11-04 15:45:54.212 12424-12621/com.masterlock.ble.app D/Retrofit: Cache-Control: no-cache
2019-11-04 15:45:54.212 12424-12621/com.masterlock.ble.app D/Retrofit: Pragma: no-cache
2019-11-04 15:45:54.212 12424-12621/com.masterlock.ble.app D/Retrofit: Content-Type: application/json; charset=utf-8
2019-11-04 15:45:54.212 12424-12621/com.masterlock.ble.app D/Retrofit: Expires: -1
2019-11-04 15:45:54.212 12424-12621/com.masterlock.ble.app D/Retrofit: Strict-Transport-Security: max-age=31536000; includeSubDomains; preload;
2019-11-04 15:45:54.212 12424-12621/com.masterlock.ble.app D/Retrofit: Date: Mon, 04 Nov 2019 07:45:53 GMT
2019-11-04 15:45:54.212 12424-12621/com.masterlock.ble.app D/Retrofit: Content-Length: 681
2019-11-04 15:45:54.212 12424-12621/com.masterlock.ble.app D/Retrofit: OkHttp-Selected-Protocol: http/1.1
2019-11-04 15:45:54.212 12424-12621/com.masterlock.ble.app D/Retrofit: OkHttp-Sent-Millis: 1572853553883
2019-11-04 15:45:54.212 12424-12621/com.masterlock.ble.app D/Retrofit: OkHttp-Received-Millis: 1572853554212
2019-11-04 15:45:54.212 12424-12621/com.masterlock.ble.app D/Retrofit: [{"Id":"471d1980-106c-4a50-b312-b84d32317d02","KMSDeviceId":"54d10fe7-341a-4723-b18d-5c4d91dcc73f","DeviceId":"A270BG","Profile":"gJGmIlKQADajUxqM2FKTaWPSv97//vtFOYPl3x1SCcUueVHO3Waz9zWXL++2mHx8ZSW4c8xhZ4kq/m49B9wTg7ZNyTWW7Q==","Value":"vdKybaLW3m7sARsYOH31mLh3lErBEvGoGVyipDc8zik=","UserType":1,"ScheduleType":1,"UserID":"b1c57e73-f82b-42f3-a911-33e70a920255","Alias":1,"ProductInvitationId":"00000000-0000-0000-0000-000000000000","DeviceName":null,"ExpiresOn":"2019-11-27T05:58:44.6515811+00:00","CreatedOn":"2019-09-05T06:58:04.877+00:00","ModifiedOn":"2019-10-28T05:58:46.04+00:00","CreatedOnTimeZoneAdjusted":"","ModifiedOnTimeZoneAdjusted":"","ExpiresOnTimeZoneAdjusted":""}]
2019-11-04 15:45:54.212 12424-12621/com.masterlock.ble.app D/Retrofit: <--- END HTTP (681-byte body)
2019-11-04 15:45:54.341 12424-12424/com.masterlock.ble.app W/ActivityThread: handleWindowVisibility: no activity for token android.os.BinderProxy@ddedac6
2019-11-04 15:45:54.370 12424-12424/com.masterlock.ble.app I/AppCompatViewInflater: app:theme is now deprecated. Please move to using android:theme instead.
2019-11-04 15:45:54.416 12424-12424/com.masterlock.ble.app V/FIRMWARE: Called refresh
2019-11-04 15:45:54.427 12424-12424/com.masterlock.ble.app E/BluetoothAdapter: Bluetooth binder is null
2019-11-04 15:45:54.429 12424-12627/com.masterlock.ble.app I/zzbz: Making Creator dynamically
2019-11-04 15:45:54.440 12424-12627/com.masterlock.ble.app W/terlock.ble.ap: Unsupported class loader
2019-11-04 15:45:54.460 12424-12424/com.masterlock.ble.app E/BluetoothAdapter: Bluetooth binder is null
2019-11-04 15:45:54.473 12424-12627/com.masterlock.ble.app I/DynamiteModule: Considering local module com.google.android.gms.maps_dynamite:0 and remote module com.google.android.gms.maps_dynamite:221
2019-11-04 15:45:54.473 12424-12627/com.masterlock.ble.app I/DynamiteModule: Selected remote version of com.google.android.gms.maps_dynamite, version >= 221
2019-11-04 15:45:54.473 12424-12627/com.masterlock.ble.app V/DynamiteModule: Dynamite loader version >= 2, using loadModule2NoCrashUtils
2019-11-04 15:45:54.479 12424-12424/com.masterlock.ble.app V/FIRMWARE: Called refresh
2019-11-04 15:45:54.535 12424-12472/com.masterlock.ble.app D/EGL_emulation: eglMakeCurrent: 0xdf11a660: ver 2 0 (tinfo 0xdf10f5d0)
2019-11-04 15:45:54.614 12424-12627/com.masterlock.ble.app I/terlock.ble.ap: The ClassLoaderContext is a special shared library.
2019-11-04 15:45:54.628 12424-12424/com.masterlock.ble.app I/UploadTaskService: onCreate: FAILED COUNT: 0
2019-11-04 15:45:54.634 12424-12424/com.masterlock.ble.app D/UploadTaskService: executeNext, queue size: 0, failedCount: 0
2019-11-04 15:45:54.634 12424-12424/com.masterlock.ble.app D/UploadTaskService: stopSelf
2019-11-04 15:45:54.729 12424-12627/com.masterlock.ble.app I/GoogleMapsAndroidAPI: Google Play services client version: 12451000
2019-11-04 15:45:54.740 12424-12627/com.masterlock.ble.app I/GoogleMapsAndroidAPI: Google Play services package version: 17786022
2019-11-04 15:45:54.789 12424-12437/com.masterlock.ble.app I/terlock.ble.ap: Background young concurrent copying GC freed 16555(1229KB) AllocSpace objects, 5(228KB) LOS objects, 28% free, 3278KB/4589KB, paused 1.389ms total 132.570ms
2019-11-04 15:45:54.846 12424-12629/com.masterlock.ble.app W/System.err: java.lang.IndexOutOfBoundsException: Index: 0, Size: 0
2019-11-04 15:45:54.852 12424-12629/com.masterlock.ble.app W/System.err:     at java.util.ArrayList.get(ArrayList.java:437)
2019-11-04 15:45:54.852 12424-12629/com.masterlock.ble.app W/System.err:     at com.masterlock.ble.app.dao.LockDAO.addCalibrationInfo(LockDAO.java:660)
2019-11-04 15:45:54.852 12424-12629/com.masterlock.ble.app W/System.err:     at com.masterlock.ble.app.dao.LockDAO.access$400(LockDAO.java:63)
2019-11-04 15:45:54.852 12424-12629/com.masterlock.ble.app W/System.err:     at com.masterlock.ble.app.dao.LockDAO$4.call(LockDAO.java:511)
2019-11-04 15:45:54.852 12424-12629/com.masterlock.ble.app W/System.err:     at com.masterlock.ble.app.dao.LockDAO$4.call(LockDAO.java:469)
2019-11-04 15:45:54.852 12424-12629/com.masterlock.ble.app W/System.err:     at rx.Observable.unsafeSubscribe(Observable.java:10327)
2019-11-04 15:45:54.852 12424-12629/com.masterlock.ble.app W/System.err:     at rx.internal.operators.OnSubscribeMap.call(OnSubscribeMap.java:48)
2019-11-04 15:45:54.852 12424-12629/com.masterlock.ble.app W/System.err:     at rx.internal.operators.OnSubscribeMap.call(OnSubscribeMap.java:33)
2019-11-04 15:45:54.852 12424-12629/com.masterlock.ble.app W/System.err:     at rx.internal.operators.OnSubscribeLift.call(OnSubscribeLift.java:48)
2019-11-04 15:45:54.852 12424-12629/com.masterlock.ble.app W/System.err:     at rx.internal.operators.OnSubscribeLift.call(OnSubscribeLift.java:30)
2019-11-04 15:45:54.852 12424-12629/com.masterlock.ble.app W/System.err:     at rx.internal.operators.OnSubscribeLift.call(OnSubscribeLift.java:48)
2019-11-04 15:45:54.852 12424-12629/com.masterlock.ble.app W/System.err:     at rx.internal.operators.OnSubscribeLift.call(OnSubscribeLift.java:30)
2019-11-04 15:45:54.852 12424-12629/com.masterlock.ble.app W/System.err:     at rx.Observable.unsafeSubscribe(Observable.java:10327)
2019-11-04 15:45:54.853 12424-12629/com.masterlock.ble.app W/System.err:     at rx.internal.operators.OperatorSubscribeOn$SubscribeOnSubscriber.call(OperatorSubscribeOn.java:100)
2019-11-04 15:45:54.853 12424-12629/com.masterlock.ble.app W/System.err:     at rx.internal.schedulers.CachedThreadScheduler$EventLoopWorker$1.call(CachedThreadScheduler.java:230)
2019-11-04 15:45:54.853 12424-12629/com.masterlock.ble.app W/System.err:     at rx.internal.schedulers.ScheduledAction.run(ScheduledAction.java:55)
2019-11-04 15:45:54.853 12424-12629/com.masterlock.ble.app W/System.err:     at java.util.concurrent.Executors$RunnableAdapter.call(Executors.java:462)
2019-11-04 15:45:54.853 12424-12629/com.masterlock.ble.app W/System.err:     at java.util.concurrent.FutureTask.run(FutureTask.java:266)
2019-11-04 15:45:54.853 12424-12629/com.masterlock.ble.app W/System.err:     at java.util.concurrent.ScheduledThreadPoolExecutor$ScheduledFutureTask.run(ScheduledThreadPoolExecutor.java:301)
2019-11-04 15:45:54.853 12424-12629/com.masterlock.ble.app W/System.err:     at java.util.concurrent.ThreadPoolExecutor.runWorker(ThreadPoolExecutor.java:1167)
2019-11-04 15:45:54.853 12424-12629/com.masterlock.ble.app W/System.err:     at java.util.concurrent.ThreadPoolExecutor$Worker.run(ThreadPoolExecutor.java:641)
2019-11-04 15:45:54.853 12424-12629/com.masterlock.ble.app W/System.err:     at java.lang.Thread.run(Thread.java:919)
2019-11-04 15:45:54.911 12424-12629/com.masterlock.ble.app I/LockDAO: insertCalibrationInfo: Uri:content://com.masterlock.ble/calibration/5b439e4e-b0fd-4f42-b8dd-4016b43e0706
2019-11-04 15:45:54.997 12424-12630/com.masterlock.ble.app I/ScanService: onNext: A270BG <-> 608347996
2019-11-04 15:45:55.201 12424-12437/com.masterlock.ble.app I/terlock.ble.ap: Background concurrent copying GC freed 18737(1727KB) AllocSpace objects, 7(348KB) LOS objects, 35% free, 10MB/16MB, paused 958us total 136.509ms
2019-11-04 15:45:55.358 12424-12424/com.masterlock.ble.app D/MLDateUtils: parseServerDateFormat: 2019-11-04T04:44:23.741+00:00
2019-11-04 15:45:55.358 12424-12424/com.masterlock.ble.app D/MLDateUtils: parseServerDateFormat: M/d/yyyy h:mm a
2019-11-04 15:45:55.358 12424-12424/com.masterlock.ble.app D/MLDateUtils: parseServerDateFormat: 11/4/2019 12:44 PM
2019-11-04 15:45:55.358 12424-12424/com.masterlock.ble.app E/terlock.ble.ap: Invalid ID 0x00000000.
2019-11-04 15:45:55.767 12424-12472/com.masterlock.ble.app D/EGL_emulation: eglMakeCurrent: 0xdf11a660: ver 2 0 (tinfo 0xdf10f5d0)
2019-11-04 15:45:55.830 12424-12472/com.masterlock.ble.app D/EGL_emulation: eglMakeCurrent: 0xdf11a660: ver 2 0 (tinfo 0xdf10f5d0)
2019-11-04 15:45:55.855 12424-12472/com.masterlock.ble.app I/chatty: uid=10133(com.masterlock.ble.app) RenderThread identical 1 line
2019-11-04 15:45:55.893 12424-12472/com.masterlock.ble.app D/EGL_emulation: eglMakeCurrent: 0xdf11a660: ver 2 0 (tinfo 0xdf10f5d0)
2019-11-04 15:45:57.238 12424-12675/com.masterlock.ble.app W/DynamiteModule: Local module descriptor class for com.google.android.gms.googlecertificates not found.
2019-11-04 15:45:57.250 12424-12675/com.masterlock.ble.app I/DynamiteModule: Considering local module com.google.android.gms.googlecertificates:0 and remote module com.google.android.gms.googlecertificates:4
2019-11-04 15:45:57.250 12424-12675/com.masterlock.ble.app I/DynamiteModule: Selected remote version of com.google.android.gms.googlecertificates, version >= 4
2019-11-04 15:45:57.263 12424-12675/com.masterlock.ble.app I/terlock.ble.ap: The ClassLoaderContext is a special shared library.
2019-11-04 15:46:01.226 12424-12472/com.masterlock.ble.app D/EGL_emulation: eglMakeCurrent: 0xdf11a660: ver 2 0 (tinfo 0xdf10f5d0)
2019-11-04 15:46:03.282 12424-12472/com.masterlock.ble.app D/EGL_emulation: eglMakeCurrent: 0xdf11a660: ver 2 0 (tinfo 0xdf10f5d0)
2019-11-04 15:46:03.284 12424-12472/com.masterlock.ble.app D/OpenGLRenderer: endAllActiveAnimators on 0xc4a10380 (RippleDrawable) with handle 0xc07d29a0
2019-11-04 15:46:04.075 12424-12472/com.masterlock.ble.app D/EGL_emulation: eglMakeCurrent: 0xdf11a660: ver 2 0 (tinfo 0xdf10f5d0)
2019-11-04 15:46:04.205 12424-12424/com.masterlock.ble.app D/MLDateUtils: parseServerDateFormat: 2019-11-04T04:44:23.741+00:00
2019-11-04 15:46:04.205 12424-12424/com.masterlock.ble.app D/MLDateUtils: parseServerDateFormat: M/d/yyyy h:mm a
2019-11-04 15:46:04.205 12424-12424/com.masterlock.ble.app D/MLDateUtils: parseServerDateFormat: 11/4/2019 12:44 PM
2019-11-04 15:46:04.205 12424-12424/com.masterlock.ble.app I/CALIBRATION: parseScan: Lock Disconnected: A270BG
2019-11-04 15:46:04.327 12424-12424/com.masterlock.ble.app D/MLDateUtils: parseServerDateFormat: 2019-11-04T04:44:23.741+00:00
2019-11-04 15:46:04.327 12424-12424/com.masterlock.ble.app D/MLDateUtils: parseServerDateFormat: M/d/yyyy h:mm a
2019-11-04 15:46:04.327 12424-12424/com.masterlock.ble.app D/MLDateUtils: parseServerDateFormat: 11/4/2019 12:44 PM
2019-11-04 15:46:06.198 12424-12424/com.masterlock.ble.app D/LOCKDETAILSVIEW: mFromNotification false
2019-11-04 15:46:06.239 12424-12424/com.masterlock.ble.app D/MLDateUtils: parseServerDateFormat: 2019-11-04T04:44:23.741+00:00
2019-11-04 15:46:06.239 12424-12424/com.masterlock.ble.app D/MLDateUtils: parseServerDateFormat: M/d/yyyy h:mm a
2019-11-04 15:46:06.239 12424-12424/com.masterlock.ble.app D/MLDateUtils: parseServerDateFormat: 11/4/2019 12:44 PM
2019-11-04 15:46:06.273 12424-12424/com.masterlock.ble.app D/MLDateUtils: parseServerDateFormat: 2019-11-04T04:44:23.741+00:00
2019-11-04 15:46:06.273 12424-12424/com.masterlock.ble.app D/MLDateUtils: parseServerDateFormat: M/d/yyyy h:mm a
2019-11-04 15:46:06.273 12424-12424/com.masterlock.ble.app D/MLDateUtils: parseServerDateFormat: 11/4/2019 12:44 PM
2019-11-04 15:46:06.277 12424-12424/com.masterlock.ble.app W/Settings: Setting airplane_mode_on has moved from android.provider.Settings.System to android.provider.Settings.Global, returning read-only value.
2019-11-04 15:46:06.282 12424-12424/com.masterlock.ble.app D/MLDateUtils: parseServerDateFormat: 2019-11-04T04:44:20+00:00
2019-11-04 15:46:06.282 12424-12424/com.masterlock.ble.app D/MLDateUtils: parseServerDateFormat: M/d/yyyy h:mm a
2019-11-04 15:46:06.282 12424-12424/com.masterlock.ble.app D/MLDateUtils: parseServerDateFormat: 11/4/2019 12:44 PM
2019-11-04 15:46:06.284 12424-12424/com.masterlock.ble.app D/MLDateUtils: parseServerDateFormat: 2019-11-04T04:44:15+00:00
2019-11-04 15:46:06.284 12424-12424/com.masterlock.ble.app D/MLDateUtils: parseServerDateFormat: M/d/yyyy h:mm a
2019-11-04 15:46:06.284 12424-12424/com.masterlock.ble.app D/MLDateUtils: parseServerDateFormat: 11/4/2019 12:44 PM
2019-11-04 15:46:06.750 12424-12424/com.masterlock.ble.app I/GoogleMapsAndroidAPI: Google Play services package version: 17786022
2019-11-04 15:46:12.258 12424-12630/com.masterlock.ble.app D/Retrofit: ---> HTTP GET https://api.masterlockvault.com/v4/kmsdevice/54d10fe7-341a-4723-b18d-5c4d91dcc73f/lastlocation?apikey=306CC699293DD5C91A88ABA6F9953FDEA3F531E6AD5441613ADD68FCB0C50802E365EE9881DCE090BA95331A2C9DD4CCCF619174AF2B04B8C380B8A13D8C6C519CCF7243E131A8C404A193850E9933EAC3C29581D1953FAD5FF63159F0C40604529BD014EA6DBDD169C921B5313043379E09471169D761E321A47483556319987994909235E5FA7E269FAD63EFB04D3AAF6F78D251F425B217AFE1ABE453CD7375F2D983763E135823F85FDDAC3EFE50346BBD8157F4061D904A966FE3F9E8671DE2DC76&username=vinK283
2019-11-04 15:46:12.258 12424-12630/com.masterlock.ble.app D/Retrofit: Accept-Language: en
2019-11-04 15:46:12.258 12424-12630/com.masterlock.ble.app D/Retrofit: User-Agent: com.masterlock.android
2019-11-04 15:46:12.258 12424-12630/com.masterlock.ble.app D/Retrofit: AppVersion: 2.5.0.2
2019-11-04 15:46:12.258 12424-12630/com.masterlock.ble.app D/Retrofit: ---> END HTTP (no body)
2019-11-04 15:46:12.568 12424-12630/com.masterlock.ble.app D/Retrofit: <--- HTTP 200 https://api.masterlockvault.com/v4/kmsdevice/54d10fe7-341a-4723-b18d-5c4d91dcc73f/lastlocation?apikey=306CC699293DD5C91A88ABA6F9953FDEA3F531E6AD5441613ADD68FCB0C50802E365EE9881DCE090BA95331A2C9DD4CCCF619174AF2B04B8C380B8A13D8C6C519CCF7243E131A8C404A193850E9933EAC3C29581D1953FAD5FF63159F0C40604529BD014EA6DBDD169C921B5313043379E09471169D761E321A47483556319987994909235E5FA7E269FAD63EFB04D3AAF6F78D251F425B217AFE1ABE453CD7375F2D983763E135823F85FDDAC3EFE50346BBD8157F4061D904A966FE3F9E8671DE2DC76&username=vinK283 (309ms)
2019-11-04 15:46:12.568 12424-12630/com.masterlock.ble.app D/Retrofit: Cache-Control: no-cache
2019-11-04 15:46:12.568 12424-12630/com.masterlock.ble.app D/Retrofit: Pragma: no-cache
2019-11-04 15:46:12.568 12424-12630/com.masterlock.ble.app D/Retrofit: Content-Type: application/json; charset=utf-8
2019-11-04 15:46:12.568 12424-12630/com.masterlock.ble.app D/Retrofit: Expires: -1
2019-11-04 15:46:12.568 12424-12630/com.masterlock.ble.app D/Retrofit: Strict-Transport-Security: max-age=31536000; includeSubDomains; preload;
2019-11-04 15:46:12.568 12424-12630/com.masterlock.ble.app D/Retrofit: Date: Mon, 04 Nov 2019 07:46:12 GMT
2019-11-04 15:46:12.568 12424-12630/com.masterlock.ble.app D/Retrofit: Content-Length: 43
2019-11-04 15:46:12.568 12424-12630/com.masterlock.ble.app D/Retrofit: OkHttp-Selected-Protocol: http/1.1
2019-11-04 15:46:12.568 12424-12630/com.masterlock.ble.app D/Retrofit: OkHttp-Sent-Millis: 1572853572259
2019-11-04 15:46:12.568 12424-12630/com.masterlock.ble.app D/Retrofit: OkHttp-Received-Millis: 1572853572568
2019-11-04 15:46:12.569 12424-12630/com.masterlock.ble.app D/Retrofit: {"Latitude":"","Longitude":"","Notes":null}
2019-11-04 15:46:12.569 12424-12630/com.masterlock.ble.app D/Retrofit: <--- END HTTP (43-byte body)
2019-11-04 15:46:13.141 12424-12424/com.masterlock.ble.app I/GoogleMapsAndroidAPI: Google Play services package version: 17786022
2019-11-04 15:46:14.319 12424-12424/com.masterlock.ble.app D/LOCKDETAILSVIEW: mFromNotification false
2019-11-04 15:46:14.438 12424-12424/com.masterlock.ble.app D/MLDateUtils: parseServerDateFormat: 2019-11-04T04:44:23.741+00:00
2019-11-04 15:46:14.438 12424-12424/com.masterlock.ble.app D/MLDateUtils: parseServerDateFormat: M/d/yyyy h:mm a
2019-11-04 15:46:14.438 12424-12424/com.masterlock.ble.app D/MLDateUtils: parseServerDateFormat: 11/4/2019 12:44 PM
2019-11-04 15:46:14.490 12424-12424/com.masterlock.ble.app D/MLDateUtils: parseServerDateFormat: 2019-11-04T04:44:23.741+00:00
2019-11-04 15:46:14.490 12424-12424/com.masterlock.ble.app D/MLDateUtils: parseServerDateFormat: M/d/yyyy h:mm a
2019-11-04 15:46:14.490 12424-12424/com.masterlock.ble.app D/MLDateUtils: parseServerDateFormat: 11/4/2019 12:44 PM
2019-11-04 15:46:14.495 12424-12424/com.masterlock.ble.app D/MLDateUtils: parseServerDateFormat: 2019-11-04T04:44:20+00:00
2019-11-04 15:46:14.495 12424-12424/com.masterlock.ble.app D/MLDateUtils: parseServerDateFormat: M/d/yyyy h:mm a
2019-11-04 15:46:14.495 12424-12424/com.masterlock.ble.app D/MLDateUtils: parseServerDateFormat: 11/4/2019 12:44 PM
2019-11-04 15:46:14.501 12424-12424/com.masterlock.ble.app D/MLDateUtils: parseServerDateFormat: 2019-11-04T04:44:15+00:00
2019-11-04 15:46:14.501 12424-12424/com.masterlock.ble.app D/MLDateUtils: parseServerDateFormat: M/d/yyyy h:mm a
2019-11-04 15:46:14.501 12424-12424/com.masterlock.ble.app D/MLDateUtils: parseServerDateFormat: 11/4/2019 12:44 PM
2019-11-04 15:46:14.993 12424-12424/com.masterlock.ble.app I/GoogleMapsAndroidAPI: Google Play services package version: 17786022
2019-11-04 15:46:19.252 12424-12629/com.masterlock.ble.app D/Retrofit: ---> HTTP GET https://api.masterlockvault.com/v4/guest?apikey=306CC699293DD5C91A88ABA6F9953FDEA3F531E6AD5441613ADD68FCB0C50802E365EE9881DCE090BA95331A2C9DD4CCCF619174AF2B04B8C380B8A13D8C6C519CCF7243E131A8C404A193850E9933EAC3C29581D1953FAD5FF63159F0C40604529BD014EA6DBDD169C921B5313043379E09471169D761E321A47483556319987994909235E5FA7E269FAD63EFB04D3AAF6F78D251F425B217AFE1ABE453CD7375F2D983763E135823F85FDDAC3EFE50346BBD8157F4061D904A966FE3F9E8671DE2DC76&username=vinK283
2019-11-04 15:46:19.252 12424-12629/com.masterlock.ble.app D/Retrofit: Accept-Language: en
2019-11-04 15:46:19.252 12424-12629/com.masterlock.ble.app D/Retrofit: User-Agent: com.masterlock.android
2019-11-04 15:46:19.252 12424-12629/com.masterlock.ble.app D/Retrofit: AppVersion: 2.5.0.2
2019-11-04 15:46:19.252 12424-12629/com.masterlock.ble.app D/Retrofit: ---> END HTTP (no body)
2019-11-04 15:46:19.503 12424-12629/com.masterlock.ble.app D/Retrofit: <--- HTTP 200 https://api.masterlockvault.com/v4/guest?apikey=306CC699293DD5C91A88ABA6F9953FDEA3F531E6AD5441613ADD68FCB0C50802E365EE9881DCE090BA95331A2C9DD4CCCF619174AF2B04B8C380B8A13D8C6C519CCF7243E131A8C404A193850E9933EAC3C29581D1953FAD5FF63159F0C40604529BD014EA6DBDD169C921B5313043379E09471169D761E321A47483556319987994909235E5FA7E269FAD63EFB04D3AAF6F78D251F425B217AFE1ABE453CD7375F2D983763E135823F85FDDAC3EFE50346BBD8157F4061D904A966FE3F9E8671DE2DC76&username=vinK283 (251ms)
2019-11-04 15:46:19.504 12424-12629/com.masterlock.ble.app D/Retrofit: Cache-Control: no-cache
2019-11-04 15:46:19.504 12424-12629/com.masterlock.ble.app D/Retrofit: Pragma: no-cache
2019-11-04 15:46:19.504 12424-12629/com.masterlock.ble.app D/Retrofit: Content-Type: application/json; charset=utf-8
2019-11-04 15:46:19.504 12424-12629/com.masterlock.ble.app D/Retrofit: Expires: -1
2019-11-04 15:46:19.504 12424-12629/com.masterlock.ble.app D/Retrofit: Strict-Transport-Security: max-age=31536000; includeSubDomains; preload;
2019-11-04 15:46:19.504 12424-12629/com.masterlock.ble.app D/Retrofit: Date: Mon, 04 Nov 2019 07:46:18 GMT
2019-11-04 15:46:19.504 12424-12629/com.masterlock.ble.app D/Retrofit: Content-Length: 838
2019-11-04 15:46:19.504 12424-12629/com.masterlock.ble.app D/Retrofit: OkHttp-Selected-Protocol: http/1.1
2019-11-04 15:46:19.504 12424-12629/com.masterlock.ble.app D/Retrofit: OkHttp-Sent-Millis: 1572853579252
2019-11-04 15:46:19.504 12424-12629/com.masterlock.ble.app D/Retrofit: OkHttp-Received-Millis: 1572853579503
2019-11-04 15:46:19.504 12424-12629/com.masterlock.ble.app D/Retrofit: [{"Id":"b413891d-58d2-4242-8989-2ceb43485639","FirstName":"Deric","LastName":"Khoo","Organization":null,"Email":"deric.kjw@gmail.com","MobileNumber":"+6594571161","PhoneCountryCode":"65","AlphaCountryCode":"SG"},{"Id":"3b7ecbf2-3780-4f68-b1ec-2d7573e40e48","FirstName":"Jfjf","LastName":"Jfjfjr","Organization":"Ejfjf","Email":"v_morice-01@orange.fr","MobileNumber":null,"PhoneCountryCode":"65","AlphaCountryCode":"SG"},{"Id":"33941dde-0b9c-47b9-8358-e2e94ea293c0","FirstName":"Max","LastName":"Fruehauf","Organization":null,"Email":"maximilian.fruehauf97@gmail.com","MobileNumber":"+6591424976","PhoneCountryCode":"65","AlphaCountryCode":"SG"},{"Id":"9fc3ea25-2f83-4d73-9880-239b0c152a0b","FirstName":"Travis","LastName":null,"Organization":null,"Email":null,"MobileNumber":"+6591115090","PhoneCountryCode":"65","AlphaCountryCode":"SG"}]
2019-11-04 15:46:19.505 12424-12629/com.masterlock.ble.app D/Retrofit: <--- END HTTP (838-byte body)
    LastName = Khoo
    Organization = null
    MobileNumber = +6594571161
    CountryCode = 65
    AlphaCountryCode = SG
    LastName = Jfjfjr
    Organization = Ejfjf
    MobileNumber = null
    CountryCode = 65
    AlphaCountryCode = SG
    LastName = Fruehauf
    Organization = null
    MobileNumber = +6591424976
    CountryCode = 65
    AlphaCountryCode = SG
    LastName = null
    Organization = null
    MobileNumber = +6591115090
    CountryCode = 65
    AlphaCountryCode = SG
2019-11-04 15:46:19.565 12424-12448/com.masterlock.ble.app I/terlock.ble.ap: Waiting for a blocking GC ProfileSaver
2019-11-04 15:46:19.585 12424-12448/com.masterlock.ble.app I/terlock.ble.ap: WaitForGcToComplete blocked ProfileSaver on HeapTrim for 20.241ms
2019-11-04 15:46:19.706 12424-12472/com.masterlock.ble.app D/EGL_emulation: eglMakeCurrent: 0xdf11a660: ver 2 0 (tinfo 0xdf10f5d0)
2019-11-04 15:46:19.750 12424-12472/com.masterlock.ble.app I/chatty: uid=10133(com.masterlock.ble.app) RenderThread identical 2 lines
2019-11-04 15:46:19.767 12424-12472/com.masterlock.ble.app D/EGL_emulation: eglMakeCurrent: 0xdf11a660: ver 2 0 (tinfo 0xdf10f5d0)
2019-11-04 15:46:22.833 12424-12472/com.masterlock.ble.app D/EGL_emulation: eglMakeCurrent: 0xdf11a660: ver 2 0 (tinfo 0xdf10f5d0)
2019-11-04 15:46:23.018 12424-12472/com.masterlock.ble.app D/EGL_emulation: eglMakeCurrent: 0xdf11a660: ver 2 0 (tinfo 0xdf10f5d0)
2019-11-04 15:46:23.019 12424-12472/com.masterlock.ble.app D/OpenGLRenderer: endAllActiveAnimators on 0xc59c7300 (RippleDrawable) with handle 0xc66aadd0
2019-11-04 15:46:23.037 12424-12472/com.masterlock.ble.app D/EGL_emulation: eglMakeCurrent: 0xdf11a660: ver 2 0 (tinfo 0xdf10f5d0)
2019-11-04 15:46:30.282 12424-12472/com.masterlock.ble.app D/EGL_emulation: eglMakeCurrent: 0xdf11a660: ver 2 0 (tinfo 0xdf10f5d0)
2019-11-04 15:46:30.285 12424-12472/com.masterlock.ble.app D/EGL_emulation: eglMakeCurrent: 0xdf11a660: ver 2 0 (tinfo 0xdf10f5d0)
2019-11-04 15:46:30.320 12424-12472/com.masterlock.ble.app D/EGL_emulation: eglMakeCurrent: 0xdf11a660: ver 2 0 (tinfo 0xdf10f5d0)
2019-11-04 15:46:30.342 12424-12472/com.masterlock.ble.app D/EGL_emulation: eglMakeCurrent: 0xdf11a660: ver 2 0 (tinfo 0xdf10f5d0)
2019-11-04 15:46:30.822 12424-12424/com.masterlock.ble.app E/SpannableStringBuilder: SPAN_EXCLUSIVE_EXCLUSIVE spans cannot have a zero length
2019-11-04 15:46:30.822 12424-12424/com.masterlock.ble.app E/SpannableStringBuilder: SPAN_EXCLUSIVE_EXCLUSIVE spans cannot have a zero length
2019-11-04 15:46:32.165 12424-12472/com.masterlock.ble.app D/EGL_emulation: eglMakeCurrent: 0xdf11a660: ver 2 0 (tinfo 0xdf10f5d0)
2019-11-04 15:46:32.169 12424-12472/com.masterlock.ble.app D/EGL_emulation: eglMakeCurrent: 0xdf11a660: ver 2 0 (tinfo 0xdf10f5d0)
2019-11-04 15:46:32.227 12424-12472/com.masterlock.ble.app D/EGL_emulation: eglMakeCurrent: 0xdf11a660: ver 2 0 (tinfo 0xdf10f5d0)
2019-11-04 15:46:32.244 12424-12472/com.masterlock.ble.app D/EGL_emulation: eglMakeCurrent: 0xdf11a660: ver 2 0 (tinfo 0xdf10f5d0)
2019-11-04 15:46:32.725 12424-12424/com.masterlock.ble.app E/SpannableStringBuilder: SPAN_EXCLUSIVE_EXCLUSIVE spans cannot have a zero length
2019-11-04 15:46:32.725 12424-12424/com.masterlock.ble.app E/SpannableStringBuilder: SPAN_EXCLUSIVE_EXCLUSIVE spans cannot have a zero length
2019-11-04 15:46:36.873 12424-12472/com.masterlock.ble.app D/EGL_emulation: eglMakeCurrent: 0xdf11a660: ver 2 0 (tinfo 0xdf10f5d0)
2019-11-04 15:46:36.876 12424-12472/com.masterlock.ble.app D/EGL_emulation: eglMakeCurrent: 0xdf11a660: ver 2 0 (tinfo 0xdf10f5d0)
2019-11-04 15:46:36.912 12424-12472/com.masterlock.ble.app D/EGL_emulation: eglMakeCurrent: 0xdf11a660: ver 2 0 (tinfo 0xdf10f5d0)
2019-11-04 15:46:36.925 12424-12472/com.masterlock.ble.app D/EGL_emulation: eglMakeCurrent: 0xdf11a660: ver 2 0 (tinfo 0xdf10f5d0)
2019-11-04 15:46:37.259 12424-12424/com.masterlock.ble.app E/SpannableStringBuilder: SPAN_EXCLUSIVE_EXCLUSIVE spans cannot have a zero length
2019-11-04 15:46:37.259 12424-12424/com.masterlock.ble.app E/SpannableStringBuilder: SPAN_EXCLUSIVE_EXCLUSIVE spans cannot have a zero length
2019-11-04 15:46:38.915 12424-12472/com.masterlock.ble.app D/EGL_emulation: eglMakeCurrent: 0xdf11a660: ver 2 0 (tinfo 0xdf10f5d0)
2019-11-04 15:46:38.920 12424-12472/com.masterlock.ble.app D/EGL_emulation: eglMakeCurrent: 0xdf11a660: ver 2 0 (tinfo 0xdf10f5d0)
2019-11-04 15:46:38.965 12424-12472/com.masterlock.ble.app D/EGL_emulation: eglMakeCurrent: 0xdf11a660: ver 2 0 (tinfo 0xdf10f5d0)
2019-11-04 15:46:38.985 12424-12472/com.masterlock.ble.app D/EGL_emulation: eglMakeCurrent: 0xdf11a660: ver 2 0 (tinfo 0xdf10f5d0)
2019-11-04 15:46:39.284 12424-12424/com.masterlock.ble.app E/SpannableStringBuilder: SPAN_EXCLUSIVE_EXCLUSIVE spans cannot have a zero length
2019-11-04 15:46:39.284 12424-12424/com.masterlock.ble.app E/SpannableStringBuilder: SPAN_EXCLUSIVE_EXCLUSIVE spans cannot have a zero length
2019-11-04 15:46:46.589 12424-12424/com.masterlock.ble.app W/System.err: Error type: NOT_A_NUMBER. The phone number supplied was null.
2019-11-04 15:46:46.590 12424-12424/com.masterlock.ble.app W/System.err:     at com.google.i18n.phonenumbers.PhoneNumberUtil.parseHelper(PhoneNumberUtil.java:2794)
2019-11-04 15:46:46.590 12424-12424/com.masterlock.ble.app W/System.err:     at com.google.i18n.phonenumbers.PhoneNumberUtil.parse(PhoneNumberUtil.java:2687)
2019-11-04 15:46:46.590 12424-12424/com.masterlock.ble.app W/System.err:     at com.google.i18n.phonenumbers.PhoneNumberUtil.parse(PhoneNumberUtil.java:2677)
2019-11-04 15:46:46.590 12424-12424/com.masterlock.ble.app W/System.err:     at com.masterlock.ble.app.util.TextUtils.convertPhoneToE164(TextUtils.java:56)
2019-11-04 15:46:46.590 12424-12424/com.masterlock.ble.app W/System.err:     at com.masterlock.ble.app.presenter.guest.EditGuestDetailsPresenter.buildGuestFromScreen(EditGuestDetailsPresenter.java:154)
2019-11-04 15:46:46.590 12424-12424/com.masterlock.ble.app W/System.err:     at com.masterlock.ble.app.presenter.guest.EditGuestDetailsPresenter.performClickAction(EditGuestDetailsPresenter.java:111)
2019-11-04 15:46:46.590 12424-12424/com.masterlock.ble.app W/System.err:     at com.masterlock.ble.app.view.guest.EditGuestDetailsView.addGuest(EditGuestDetailsView.java:181)
2019-11-04 15:46:46.590 12424-12424/com.masterlock.ble.app W/System.err:     at com.masterlock.ble.app.view.guest.EditGuestDetailsView$$ViewInjector$1.onClick(EditGuestDetailsView$$ViewInjector.java:35)
2019-11-04 15:46:46.590 12424-12424/com.masterlock.ble.app W/System.err:     at android.view.View.performClick(View.java:7125)
2019-11-04 15:46:46.590 12424-12424/com.masterlock.ble.app W/System.err:     at android.view.View.performClickInternal(View.java:7102)
2019-11-04 15:46:46.590 12424-12424/com.masterlock.ble.app W/System.err:     at android.view.View.access$3500(View.java:801)
2019-11-04 15:46:46.590 12424-12424/com.masterlock.ble.app W/System.err:     at android.view.View$PerformClick.run(View.java:27336)
2019-11-04 15:46:46.590 12424-12424/com.masterlock.ble.app W/System.err:     at android.os.Handler.handleCallback(Handler.java:883)
2019-11-04 15:46:46.590 12424-12424/com.masterlock.ble.app W/System.err:     at android.os.Handler.dispatchMessage(Handler.java:100)
2019-11-04 15:46:46.590 12424-12424/com.masterlock.ble.app W/System.err:     at android.os.Looper.loop(Looper.java:214)
2019-11-04 15:46:46.590 12424-12424/com.masterlock.ble.app W/System.err:     at android.app.ActivityThread.main(ActivityThread.java:7356)
2019-11-04 15:46:46.590 12424-12424/com.masterlock.ble.app W/System.err:     at java.lang.reflect.Method.invoke(Native Method)
2019-11-04 15:46:46.591 12424-12424/com.masterlock.ble.app W/System.err:     at com.android.internal.os.RuntimeInit$MethodAndArgsCaller.run(RuntimeInit.java:492)
2019-11-04 15:46:46.591 12424-12424/com.masterlock.ble.app W/System.err:     at com.android.internal.os.ZygoteInit.main(ZygoteInit.java:930)
2019-11-04 15:46:46.663 12424-12424/com.masterlock.ble.app D/GrantAccessView: onCheckedChanged: {TUESDAY=false, THURSDAY=false, SATURDAY=false, MONDAY=false, WEDNESDAY=false, SUNDAY=true, FRIDAY=false}
2019-11-04 15:46:46.664 12424-12424/com.masterlock.ble.app D/GrantAccessView: onCheckedChanged: {TUESDAY=false, THURSDAY=false, SATURDAY=false, MONDAY=true, WEDNESDAY=false, SUNDAY=true, FRIDAY=false}
2019-11-04 15:46:46.664 12424-12424/com.masterlock.ble.app D/GrantAccessView: onCheckedChanged: {TUESDAY=true, THURSDAY=false, SATURDAY=false, MONDAY=true, WEDNESDAY=false, SUNDAY=true, FRIDAY=false}
2019-11-04 15:46:46.665 12424-12424/com.masterlock.ble.app D/GrantAccessView: onCheckedChanged: {TUESDAY=true, THURSDAY=false, SATURDAY=false, MONDAY=true, WEDNESDAY=true, SUNDAY=true, FRIDAY=false}
2019-11-04 15:46:46.667 12424-12424/com.masterlock.ble.app D/GrantAccessView: onCheckedChanged: {TUESDAY=true, THURSDAY=true, SATURDAY=false, MONDAY=true, WEDNESDAY=true, SUNDAY=true, FRIDAY=false}
2019-11-04 15:46:46.669 12424-12424/com.masterlock.ble.app D/GrantAccessView: onCheckedChanged: {TUESDAY=true, THURSDAY=true, SATURDAY=false, MONDAY=true, WEDNESDAY=true, SUNDAY=true, FRIDAY=true}
2019-11-04 15:46:46.669 12424-12424/com.masterlock.ble.app D/GrantAccessView: onCheckedChanged: {TUESDAY=true, THURSDAY=true, SATURDAY=true, MONDAY=true, WEDNESDAY=true, SUNDAY=true, FRIDAY=true}
2019-11-04 15:47:22.978 12424-12632/com.masterlock.ble.app D/Retrofit: ---> HTTP POST https://api.masterlockvault.com/v5/product/5b439e4e-b0fd-4f42-b8dd-4016b43e0706/invitation?apikey=306CC699293DD5C91A88ABA6F9953FDEA3F531E6AD5441613ADD68FCB0C50802E365EE9881DCE090BA95331A2C9DD4CCCF619174AF2B04B8C380B8A13D8C6C519CCF7243E131A8C404A193850E9933EAC3C29581D1953FAD5FF63159F0C40604529BD014EA6DBDD169C921B5313043379E09471169D761E321A47483556319987994909235E5FA7E269FAD63EFB04D3AAF6F78D251F425B217AFE1ABE453CD7375F2D983763E135823F85FDDAC3EFE50346BBD8157F4061D904A966FE3F9E8671DE2DC76&username=vinK283
2019-11-04 15:47:22.978 12424-12632/com.masterlock.ble.app D/Retrofit: Accept-Language: en
2019-11-04 15:47:22.978 12424-12632/com.masterlock.ble.app D/Retrofit: User-Agent: com.masterlock.android
2019-11-04 15:47:22.978 12424-12632/com.masterlock.ble.app D/Retrofit: AppVersion: 2.5.0.2
2019-11-04 15:47:22.978 12424-12632/com.masterlock.ble.app D/Retrofit: Content-Type: application/json; charset=UTF-8
2019-11-04 15:47:22.978 12424-12632/com.masterlock.ble.app D/Retrofit: Content-Length: 390
2019-11-04 15:47:22.979 12424-12632/com.masterlock.ble.app D/Retrofit: {
      "AlphaCountryCode": "US",
      "FirstName": "aa",
      "Friday": true,
      "LastName": "bb",
      "PreferedPermissionsMode": "1",
      "Monday": true,
      "OpenShackle": false,
      "Organization": "cc",
      "PhoneCountryCode": "1",
      "Saturday": true,
      "ScheduleType": "1",
      "Sunday": true,
      "Thursday": true,
      "Tuesday": true,
      "ViewLocation": true,
      "ViewTemporaryCode": true,
      "Wednesday": true
    }
2019-11-04 15:47:22.979 12424-12632/com.masterlock.ble.app D/Retrofit: ---> END HTTP (390-byte body)
2019-11-04 15:47:24.394 12424-12632/com.masterlock.ble.app D/Retrofit: <--- HTTP 200 https://api.masterlockvault.com/v5/product/5b439e4e-b0fd-4f42-b8dd-4016b43e0706/invitation?apikey=306CC699293DD5C91A88ABA6F9953FDEA3F531E6AD5441613ADD68FCB0C50802E365EE9881DCE090BA95331A2C9DD4CCCF619174AF2B04B8C380B8A13D8C6C519CCF7243E131A8C404A193850E9933EAC3C29581D1953FAD5FF63159F0C40604529BD014EA6DBDD169C921B5313043379E09471169D761E321A47483556319987994909235E5FA7E269FAD63EFB04D3AAF6F78D251F425B217AFE1ABE453CD7375F2D983763E135823F85FDDAC3EFE50346BBD8157F4061D904A966FE3F9E8671DE2DC76&username=vinK283 (1414ms)
2019-11-04 15:47:24.394 12424-12632/com.masterlock.ble.app D/Retrofit: Cache-Control: no-cache
2019-11-04 15:47:24.394 12424-12632/com.masterlock.ble.app D/Retrofit: Pragma: no-cache
2019-11-04 15:47:24.394 12424-12632/com.masterlock.ble.app D/Retrofit: Content-Type: application/json; charset=utf-8
2019-11-04 15:47:24.394 12424-12632/com.masterlock.ble.app D/Retrofit: Expires: -1
2019-11-04 15:47:24.394 12424-12632/com.masterlock.ble.app D/Retrofit: Strict-Transport-Security: max-age=31536000; includeSubDomains; preload;
2019-11-04 15:47:24.394 12424-12632/com.masterlock.ble.app D/Retrofit: Date: Mon, 04 Nov 2019 07:47:23 GMT
2019-11-04 15:47:24.394 12424-12632/com.masterlock.ble.app D/Retrofit: Content-Length: 996
2019-11-04 15:47:24.394 12424-12632/com.masterlock.ble.app D/Retrofit: OkHttp-Selected-Protocol: http/1.1
2019-11-04 15:47:24.394 12424-12632/com.masterlock.ble.app D/Retrofit: OkHttp-Sent-Millis: 1572853642985
2019-11-04 15:47:24.394 12424-12632/com.masterlock.ble.app D/Retrofit: OkHttp-Received-Millis: 1572853644394
2019-11-04 15:47:24.394 12424-12632/com.masterlock.ble.app D/Retrofit: {"Id":"2664f595-005e-43ff-beb8-134fada71177","Status":5,"ProductId":"5b439e4e-b0fd-4f42-b8dd-4016b43e0706","DeviceId":"A270BG","Guest":{"Id":"6aee2bcb-97fc-494e-bb26-a750eabe77a5","FirstName":"aa","LastName":"bb","Organization":"cc","Email":null,"MobileNumber":null,"PhoneCountryCode":"1","AlphaCountryCode":"US"},"GuestPermissions":{"Id":"78d8609b-95ef-4459-87a1-d487aff39b0f","AccessTimeStart":null,"AccessTimeEnd":null,"Monday":true,"Tuesday":true,"Wednesday":true,"Thursday":true,"Friday":true,"Saturday":true,"Sunday":true,"ViewTemporaryCode":true,"ViewLocation":true,"OpenShackle":false,"ScheduleType":1,"ViewMode":1},"Message":null,"UserType":3,"ScheduleType":1,"AcceptedOn":"0001-01-01T00:00:00+00:00","CreatedOn":"2019-11-04T07:47:25.997+00:00","ModifiedOn":"2019-11-04T07:47:25.997+00:00","IsExpired":false,"ExpiresOn":"2019-11-11T07:47:25.997+00:00","OwnerName":"Vincent MORICE","InvitationURL":"https://www.masterlockvault.com/invitation/product/2664f595-005e-43ff-beb8-134fada71177"}
2019-11-04 15:47:24.394 12424-12632/com.masterlock.ble.app D/Retrofit: <--- END HTTP (996-byte body)
2019-11-04 15:47:24.404 12424-12424/com.masterlock.ble.app D/MLDateUtils: parseServerDateFormat: 2019-11-11T07:47:25.997+00:00
2019-11-04 15:47:24.404 12424-12424/com.masterlock.ble.app D/MLDateUtils: parseServerDateFormat: M/d/yyyy h:mm a
2019-11-04 15:47:24.404 12424-12424/com.masterlock.ble.app D/MLDateUtils: parseServerDateFormat: 11/11/2019 3:47 PM
2019-11-04 15:47:24.547 12424-12630/com.masterlock.ble.app D/Retrofit: ---> HTTP GET https://api.masterlockvault.com/v4/product/elocks?complex=false&apikey=306CC699293DD5C91A88ABA6F9953FDEA3F531E6AD5441613ADD68FCB0C50802E365EE9881DCE090BA95331A2C9DD4CCCF619174AF2B04B8C380B8A13D8C6C519CCF7243E131A8C404A193850E9933EAC3C29581D1953FAD5FF63159F0C40604529BD014EA6DBDD169C921B5313043379E09471169D761E321A47483556319987994909235E5FA7E269FAD63EFB04D3AAF6F78D251F425B217AFE1ABE453CD7375F2D983763E135823F85FDDAC3EFE50346BBD8157F4061D904A966FE3F9E8671DE2DC76&username=vinK283
2019-11-04 15:47:24.547 12424-12630/com.masterlock.ble.app D/Retrofit: Accept-Language: en
2019-11-04 15:47:24.547 12424-12630/com.masterlock.ble.app D/Retrofit: User-Agent: com.masterlock.android
2019-11-04 15:47:24.547 12424-12630/com.masterlock.ble.app D/Retrofit: AppVersion: 2.5.0.2
2019-11-04 15:47:24.547 12424-12630/com.masterlock.ble.app D/Retrofit: ---> END HTTP (no body)
2019-11-04 15:47:24.584 12424-12424/com.masterlock.ble.app I/UploadTaskService: onCreate: FAILED COUNT: 0
2019-11-04 15:47:24.594 12424-12424/com.masterlock.ble.app D/UploadTaskService: executeNext, queue size: 1, failedCount: 0
2019-11-04 15:47:24.597 12424-12629/com.masterlock.ble.app D/Retrofit: ---> HTTP POST https://api.masterlockvault.com/v4/kmsdevice/54d10fe7-341a-4723-b18d-5c4d91dcc73f/log/batch?apikey=306CC699293DD5C91A88ABA6F9953FDEA3F531E6AD5441613ADD68FCB0C50802E365EE9881DCE090BA95331A2C9DD4CCCF619174AF2B04B8C380B8A13D8C6C519CCF7243E131A8C404A193850E9933EAC3C29581D1953FAD5FF63159F0C40604529BD014EA6DBDD169C921B5313043379E09471169D761E321A47483556319987994909235E5FA7E269FAD63EFB04D3AAF6F78D251F425B217AFE1ABE453CD7375F2D983763E135823F85FDDAC3EFE50346BBD8157F4061D904A966FE3F9E8671DE2DC76&username=vinK283&apiversion=4.1
2019-11-04 15:47:24.597 12424-12629/com.masterlock.ble.app D/Retrofit: Accept-Language: en
2019-11-04 15:47:24.597 12424-12629/com.masterlock.ble.app D/Retrofit: User-Agent: com.masterlock.android
2019-11-04 15:47:24.597 12424-12629/com.masterlock.ble.app D/Retrofit: AppVersion: 2.5.0.2
2019-11-04 15:47:24.597 12424-12629/com.masterlock.ble.app D/Retrofit: Content-Type: application/json; charset=UTF-8
2019-11-04 15:47:24.597 12424-12629/com.masterlock.ble.app D/Retrofit: Content-Length: 267
2019-11-04 15:47:24.597 12424-12629/com.masterlock.ble.app D/Retrofit: [
      {
        "CreatedOn": "2019-11-04T07:47:24.537Z",
        "EventCode": "GUEST_INVITE_GENERATED",
        "ReferenceID": 8589934592,
        "EventSource": "App",
        "EventValue": "aa bb",
        "FirmwareCounter": 1,
        "KMSDeviceId": "54d10fe7-341a-4723-b18d-5c4d91dcc73f"
      }
    ]
2019-11-04 15:47:24.597 12424-12629/com.masterlock.ble.app D/Retrofit: ---> END HTTP (267-byte body)
2019-11-04 15:47:25.076 12424-12630/com.masterlock.ble.app D/Retrofit: <--- HTTP 200 https://api.masterlockvault.com/v4/product/elocks?complex=false&apikey=306CC699293DD5C91A88ABA6F9953FDEA3F531E6AD5441613ADD68FCB0C50802E365EE9881DCE090BA95331A2C9DD4CCCF619174AF2B04B8C380B8A13D8C6C519CCF7243E131A8C404A193850E9933EAC3C29581D1953FAD5FF63159F0C40604529BD014EA6DBDD169C921B5313043379E09471169D761E321A47483556319987994909235E5FA7E269FAD63EFB04D3AAF6F78D251F425B217AFE1ABE453CD7375F2D983763E135823F85FDDAC3EFE50346BBD8157F4061D904A966FE3F9E8671DE2DC76&username=vinK283 (528ms)
2019-11-04 15:47:25.076 12424-12630/com.masterlock.ble.app D/Retrofit: Cache-Control: no-cache
2019-11-04 15:47:25.076 12424-12630/com.masterlock.ble.app D/Retrofit: Pragma: no-cache
2019-11-04 15:47:25.077 12424-12630/com.masterlock.ble.app D/Retrofit: Content-Type: application/json; charset=utf-8
2019-11-04 15:47:25.077 12424-12630/com.masterlock.ble.app D/Retrofit: Expires: -1
2019-11-04 15:47:25.077 12424-12630/com.masterlock.ble.app D/Retrofit: Strict-Transport-Security: max-age=31536000; includeSubDomains; preload;
2019-11-04 15:47:25.077 12424-12630/com.masterlock.ble.app D/Retrofit: Date: Mon, 04 Nov 2019 07:47:23 GMT
2019-11-04 15:47:25.077 12424-12630/com.masterlock.ble.app D/Retrofit: Content-Length: 701
2019-11-04 15:47:25.077 12424-12630/com.masterlock.ble.app D/Retrofit: OkHttp-Selected-Protocol: http/1.1
2019-11-04 15:47:25.077 12424-12630/com.masterlock.ble.app D/Retrofit: OkHttp-Sent-Millis: 1572853644548
2019-11-04 15:47:25.077 12424-12630/com.masterlock.ble.app D/Retrofit: OkHttp-Received-Millis: 1572853645076
2019-11-04 15:47:25.079 12424-12630/com.masterlock.ble.app D/Retrofit: [{"Id":"5b439e4e-b0fd-4f42-b8dd-4016b43e0706","Name":"Bluetooth Smart 4400 Padlock","Labels":"","CustomModelNumber":null,"ViewCount":49,"IsFavorite":false,"UserType":1,"ScheduleType":1,"Model":{"Id":"ffdda3ad-80c1-470f-9ed8-34eba4b53c04","InterfaceId":2,"ModelNumber":"4400D","SKU":"P49017","Name":"Bluetooth Smart 4400 Padlock","Description":"","Image":{"Id":"caabb05d-a92c-453d-81ae-c26dc8669d28","Filename":"4400d.png","DisplayName":"Bluetooth Smart 4400 Padlock","ContentType":"image/png","Size":129506,"SizeForDisplay":"126.5 KB","Url":"https://api.masterlockvault.com/v4/product/model/image/caabb05d-a92c-453d-81ae-c26dc8669d28/4400d.png"}},"KMSDeviceId":"54d10fe7-341a-4723-b18d-5c4d91dcc73f"}]
2019-11-04 15:47:25.079 12424-12630/com.masterlock.ble.app D/Retrofit: <--- END HTTP (701-byte body)
2019-11-04 15:47:25.080 12424-12630/com.masterlock.ble.app D/Retrofit: ---> HTTP GET https://api.masterlockvault.com/v4/product/elocks/5b439e4e-b0fd-4f42-b8dd-4016b43e0706?apikey=306CC699293DD5C91A88ABA6F9953FDEA3F531E6AD5441613ADD68FCB0C50802E365EE9881DCE090BA95331A2C9DD4CCCF619174AF2B04B8C380B8A13D8C6C519CCF7243E131A8C404A193850E9933EAC3C29581D1953FAD5FF63159F0C40604529BD014EA6DBDD169C921B5313043379E09471169D761E321A47483556319987994909235E5FA7E269FAD63EFB04D3AAF6F78D251F425B217AFE1ABE453CD7375F2D983763E135823F85FDDAC3EFE50346BBD8157F4061D904A966FE3F9E8671DE2DC76&username=vinK283
2019-11-04 15:47:25.080 12424-12630/com.masterlock.ble.app D/Retrofit: Accept-Language: en
2019-11-04 15:47:25.080 12424-12630/com.masterlock.ble.app D/Retrofit: User-Agent: com.masterlock.android
2019-11-04 15:47:25.080 12424-12630/com.masterlock.ble.app D/Retrofit: AppVersion: 2.5.0.2
2019-11-04 15:47:25.080 12424-12630/com.masterlock.ble.app D/Retrofit: ---> END HTTP (no body)
2019-11-04 15:47:25.464 12424-12629/com.masterlock.ble.app D/Retrofit: <--- HTTP 200 https://api.masterlockvault.com/v4/kmsdevice/54d10fe7-341a-4723-b18d-5c4d91dcc73f/log/batch?apikey=306CC699293DD5C91A88ABA6F9953FDEA3F531E6AD5441613ADD68FCB0C50802E365EE9881DCE090BA95331A2C9DD4CCCF619174AF2B04B8C380B8A13D8C6C519CCF7243E131A8C404A193850E9933EAC3C29581D1953FAD5FF63159F0C40604529BD014EA6DBDD169C921B5313043379E09471169D761E321A47483556319987994909235E5FA7E269FAD63EFB04D3AAF6F78D251F425B217AFE1ABE453CD7375F2D983763E135823F85FDDAC3EFE50346BBD8157F4061D904A966FE3F9E8671DE2DC76&username=vinK283&apiversion=4.1 (866ms)
2019-11-04 15:47:25.464 12424-12629/com.masterlock.ble.app D/Retrofit: Cache-Control: no-cache
2019-11-04 15:47:25.464 12424-12629/com.masterlock.ble.app D/Retrofit: Pragma: no-cache
2019-11-04 15:47:25.464 12424-12629/com.masterlock.ble.app D/Retrofit: Content-Type: application/json; charset=utf-8
2019-11-04 15:47:25.464 12424-12629/com.masterlock.ble.app D/Retrofit: Expires: -1
2019-11-04 15:47:25.464 12424-12629/com.masterlock.ble.app D/Retrofit: Strict-Transport-Security: max-age=31536000; includeSubDomains; preload;
2019-11-04 15:47:25.464 12424-12629/com.masterlock.ble.app D/Retrofit: Date: Mon, 04 Nov 2019 07:47:24 GMT
2019-11-04 15:47:25.464 12424-12629/com.masterlock.ble.app D/Retrofit: Content-Length: 140
2019-11-04 15:47:25.464 12424-12629/com.masterlock.ble.app D/Retrofit: OkHttp-Selected-Protocol: http/1.1
2019-11-04 15:47:25.464 12424-12629/com.masterlock.ble.app D/Retrofit: OkHttp-Sent-Millis: 1572853645098
2019-11-04 15:47:25.464 12424-12629/com.masterlock.ble.app D/Retrofit: OkHttp-Received-Millis: 1572853645464
2019-11-04 15:47:25.464 12424-12629/com.masterlock.ble.app D/Retrofit: {"0":{"KMSDeviceId":"54d10fe7-341a-4723-b18d-5c4d91dcc73f","FirmwareCounter":1,"ReferenceId":8589934592,"Message":"Success","Success":true}}
2019-11-04 15:47:25.465 12424-12629/com.masterlock.ble.app D/Retrofit: <--- END HTTP (140-byte body)
2019-11-04 15:47:25.466 12424-12424/com.masterlock.ble.app D/UploadTaskService: onSuccess, queue size: 0
2019-11-04 15:47:25.466 12424-12424/com.masterlock.ble.app D/UploadTaskService: executeNext, queue size: 0, failedCount: 0
2019-11-04 15:47:25.466 12424-12424/com.masterlock.ble.app D/UploadTaskService: stopSelf
